
*** Running vivado
    with args -log AES_testbench.vds -m64 -product Vivado -mode batch -messageDb vivado.pb -notrace -source AES_testbench.tcl



****** Vivado v2025.2 (64-bit)
  **** SW Build 6299465 on Fri Nov 14 19:35:11 GMT 2025
  **** IP Build 6300035 on Fri Nov 14 10:48:45 MST 2025
  **** SharedData Build 6298862 on Thu Nov 13 04:50:51 MST 2025
  **** Start of session at: Thu Oct  1 21:45:17 2026
    ** Copyright 1986-2022 Xilinx, Inc. All Rights Reserved.
    ** Copyright 2022-2025 Advanced Micro Devices, Inc. All Rights Reserved.

source AES_testbench.tcl -notrace
Command: synth_design -top AES_testbench -part xc7a200tfbg484-1
Starting synth_design
Attempting to get a license for feature 'Synthesis' and/or device 'xc7a200t'
INFO: [Common 17-349] Got license for feature 'Synthesis' and/or device 'xc7a200t'
INFO: [Device 21-403] Loading part xc7a200tfbg484-1
INFO: [Synth 8-7079] Multithreading enabled for synth_design using a maximum of 2 processes.
INFO: [Synth 8-7078] Launching helper process for spawning children vivado processes
INFO: [Synth 8-7075] Helper process launched with PID 16344
---------------------------------------------------------------------------------
Starting RTL Elaboration : Time (s): cpu = 00:00:03 ; elapsed = 00:00:03 . Memory (MB): peak = 1321.324 ; gain = 541.824
---------------------------------------------------------------------------------
INFO: [Synth 8-638] synthesizing module 'AES_testbench' [C:/Users/j48s677/Desktop/AES/arch4/test_top.vhd:39]
INFO: [Synth 8-638] synthesizing module 'AES' [C:/Users/j48s677/Desktop/AES/arch4/AES.vhd:48]
INFO: [Synth 8-256] done synthesizing module 'AES' (0#1) [C:/Users/j48s677/Desktop/AES/arch4/AES.vhd:48]
INFO: [Synth 8-256] done synthesizing module 'AES_testbench' (0#1) [C:/Users/j48s677/Desktop/AES/arch4/test_top.vhd:39]
---------------------------------------------------------------------------------
Finished RTL Elaboration : Time (s): cpu = 00:00:04 ; elapsed = 00:00:04 . Memory (MB): peak = 1458.109 ; gain = 678.609
---------------------------------------------------------------------------------
---------------------------------------------------------------------------------
Start Handling Custom Attributes
---------------------------------------------------------------------------------
---------------------------------------------------------------------------------
Finished Handling Custom Attributes : Time (s): cpu = 00:00:04 ; elapsed = 00:00:04 . Memory (MB): peak = 1458.109 ; gain = 678.609
---------------------------------------------------------------------------------
---------------------------------------------------------------------------------
Finished RTL Optimization Phase 1 : Time (s): cpu = 00:00:04 ; elapsed = 00:00:04 . Memory (MB): peak = 1458.109 ; gain = 678.609
---------------------------------------------------------------------------------
Netlist sorting complete. Time (s): cpu = 00:00:00 ; elapsed = 00:00:00.015 . Memory (MB): peak = 1458.109 ; gain = 0.000
INFO: [Project 1-570] Preparing netlist for logic optimization

Processing XDC Constraints
Initializing timing engine
Parsing XDC File [C:/Users/j48s677/Desktop/AES/arch4/vivado_proj/AES_one_round/AES_one_round.srcs/constrs_1/imports/resilient_hydra/constraints_hydra.xdc]
Finished Parsing XDC File [C:/Users/j48s677/Desktop/AES/arch4/vivado_proj/AES_one_round/AES_one_round.srcs/constrs_1/imports/resilient_hydra/constraints_hydra.xdc]
INFO: [Project 1-236] Implementation specific constraints were found while reading constraint file [C:/Users/j48s677/Desktop/AES/arch4/vivado_proj/AES_one_round/AES_one_round.srcs/constrs_1/imports/resilient_hydra/constraints_hydra.xdc]. These constraints will be ignored for synthesis but will be used in implementation. Impacted constraints are listed in the file [.Xil/AES_testbench_propImpl.xdc].
Resolution: To avoid this warning, move constraints listed in [.Xil/AES_testbench_propImpl.xdc] to another XDC file and exclude this new file from synthesis with the used_in_synthesis property (File Properties dialog in GUI) and re-run elaboration/synthesis.
Completed Processing XDC Constraints

Netlist sorting complete. Time (s): cpu = 00:00:00 ; elapsed = 00:00:00.001 . Memory (MB): peak = 1533.797 ; gain = 0.000
INFO: [Project 1-111] Unisim Transformation Summary:
No Unisim elements were transformed.

Constraint Validation Runtime : Time (s): cpu = 00:00:00 ; elapsed = 00:00:00.013 . Memory (MB): peak = 1533.797 ; gain = 0.000
---------------------------------------------------------------------------------
Finished Constraint Validation : Time (s): cpu = 00:00:09 ; elapsed = 00:00:09 . Memory (MB): peak = 1533.797 ; gain = 754.297
---------------------------------------------------------------------------------
---------------------------------------------------------------------------------
Start Loading Part and Timing Information
---------------------------------------------------------------------------------
Loading part: xc7a200tfbg484-1
---------------------------------------------------------------------------------
Finished Loading Part and Timing Information : Time (s): cpu = 00:00:09 ; elapsed = 00:00:09 . Memory (MB): peak = 1533.797 ; gain = 754.297
---------------------------------------------------------------------------------
---------------------------------------------------------------------------------
Start Applying 'set_property' XDC Constraints
---------------------------------------------------------------------------------
---------------------------------------------------------------------------------
Finished applying 'set_property' XDC Constraints : Time (s): cpu = 00:00:09 ; elapsed = 00:00:09 . Memory (MB): peak = 1533.797 ; gain = 754.297
---------------------------------------------------------------------------------
---------------------------------------------------------------------------------
Finished RTL Optimization Phase 2 : Time (s): cpu = 00:00:09 ; elapsed = 00:00:10 . Memory (MB): peak = 1533.797 ; gain = 754.297
---------------------------------------------------------------------------------
---------------------------------------------------------------------------------
Start RTL Component Statistics 
---------------------------------------------------------------------------------
Detailed RTL Component Info : 
+---Adders : 
	   2 Input    4 Bit       Adders := 5     
	   2 Input    3 Bit       Adders := 2     
	   2 Input    2 Bit       Adders := 1     
+---XORs : 
	   2 Input      8 Bit         XORs := 65    
	   5 Input      8 Bit         XORs := 8     
	   3 Input      8 Bit         XORs := 12    
+---Registers : 
	              256 Bit    Registers := 2     
	              128 Bit    Registers := 2     
	                8 Bit    Registers := 48    
	                4 Bit    Registers := 2     
	                3 Bit    Registers := 3     
	                2 Bit    Registers := 1     
	                1 Bit    Registers := 5     
+---Muxes : 
	   2 Input  256 Bit        Muxes := 1     
	   7 Input  256 Bit        Muxes := 1     
	   3 Input  256 Bit        Muxes := 1     
	   2 Input  128 Bit        Muxes := 1     
	   7 Input  128 Bit        Muxes := 1     
	   6 Input  128 Bit        Muxes := 1     
	   2 Input    8 Bit        Muxes := 69    
	   8 Input    8 Bit        Muxes := 1     
	   7 Input    4 Bit        Muxes := 1     
	   3 Input    3 Bit        Muxes := 2     
	   2 Input    3 Bit        Muxes := 3     
	   7 Input    3 Bit        Muxes := 3     
	   2 Input    2 Bit        Muxes := 3     
	   7 Input    2 Bit        Muxes := 1     
	   2 Input    1 Bit        Muxes := 8     
	   7 Input    1 Bit        Muxes := 4     
---------------------------------------------------------------------------------
Finished RTL Component Statistics 
---------------------------------------------------------------------------------
---------------------------------------------------------------------------------
Start Part Resource Summary
---------------------------------------------------------------------------------
Part Resources:
DSPs: 740 (col length:100)
BRAMs: 730 (col length: RAMB18 100 RAMB36 50)
---------------------------------------------------------------------------------
Finished Part Resource Summary
---------------------------------------------------------------------------------
---------------------------------------------------------------------------------
Start Cross Boundary and Area Optimization
---------------------------------------------------------------------------------
---------------------------------------------------------------------------------
Finished Cross Boundary and Area Optimization : Time (s): cpu = 00:00:18 ; elapsed = 00:00:20 . Memory (MB): peak = 1555.496 ; gain = 775.996
---------------------------------------------------------------------------------
---------------------------------------------------------------------------------
Start ROM, RAM, DSP, Shift Register and Retiming Reporting
---------------------------------------------------------------------------------

ROM: Preliminary Mapping Report
+------------+------------+---------------+----------------+
|Module Name | RTL Object | Depth x Width | Implemented As | 
+------------+------------+---------------+----------------+
|AES         | sbox[0]    | 256x8         | LUT            | 
|AES         | sbox[0]    | 256x8         | LUT            | 
|AES         | sbox[0]    | 256x8         | LUT            | 
|AES         | sbox[0]    | 256x8         | LUT            | 
|AES         | sbox[0]    | 256x8         | LUT            | 
|AES         | sbox[0]    | 256x8         | LUT            | 
|AES         | sbox[0]    | 256x8         | LUT            | 
|AES         | sbox[0]    | 256x8         | LUT            | 
|AES         | sbox[0]    | 256x8         | LUT            | 
|AES         | sbox[0]    | 256x8         | LUT            | 
|AES         | sbox[0]    | 256x8         | LUT            | 
|AES         | sbox[0]    | 256x8         | LUT            | 
|AES         | sbox[0]    | 256x8         | LUT            | 
|AES         | sbox[0]    | 256x8         | LUT            | 
|AES         | sbox[0]    | 256x8         | LUT            | 
|AES         | sbox[0]    | 256x8         | LUT            | 
|AES         | sbox[0]    | 256x8         | LUT            | 
|AES         | sbox[0]    | 256x8         | LUT            | 
|AES         | sbox[0]    | 256x8         | LUT            | 
|AES         | sbox[0]    | 256x8         | LUT            | 
|AES         | sbox[0]    | 256x8         | LUT            | 
|AES         | sbox[0]    | 256x8         | LUT            | 
|AES         | sbox[0]    | 256x8         | LUT            | 
|AES         | sbox[0]    | 256x8         | LUT            | 
|AES         | sbox[0]    | 256x8         | LUT            | 
|AES         | sbox[0]    | 256x8         | LUT            | 
|AES         | sbox[0]    | 256x8         | LUT            | 
|AES         | sbox[0]    | 256x8         | LUT            | 
|AES         | sbox[0]    | 256x8         | LUT            | 
|AES         | sbox[0]    | 256x8         | LUT            | 
|AES         | sbox[0]    | 256x8         | LUT            | 
|AES         | sbox[0]    | 256x8         | LUT            | 
|AES         | sbox[0]    | 256x8         | LUT            | 
|AES         | sbox[0]    | 256x8         | LUT            | 
|AES         | sbox[0]    | 256x8         | LUT            | 
|AES         | sbox[0]    | 256x8         | LUT            | 
|AES         | sbox[0]    | 256x8         | LUT            | 
|AES         | sbox[0]    | 256x8         | LUT            | 
|AES         | sbox[0]    | 256x8         | LUT            | 
|AES         | sbox[0]    | 256x8         | LUT            | 
+------------+------------+---------------+----------------+

---------------------------------------------------------------------------------
Finished ROM, RAM, DSP, Shift Register and Retiming Reporting
---------------------------------------------------------------------------------
---------------------------------------------------------------------------------
Start Applying XDC Timing Constraints
---------------------------------------------------------------------------------
---------------------------------------------------------------------------------
Finished Applying XDC Timing Constraints : Time (s): cpu = 00:00:21 ; elapsed = 00:00:23 . Memory (MB): peak = 1665.305 ; gain = 885.805
---------------------------------------------------------------------------------
---------------------------------------------------------------------------------
Start Timing Optimization
---------------------------------------------------------------------------------
---------------------------------------------------------------------------------
Finished Timing Optimization : Time (s): cpu = 00:00:22 ; elapsed = 00:00:24 . Memory (MB): peak = 1734.328 ; gain = 954.828
---------------------------------------------------------------------------------
---------------------------------------------------------------------------------
Start Technology Mapping
---------------------------------------------------------------------------------
---------------------------------------------------------------------------------
Finished Technology Mapping : Time (s): cpu = 00:00:22 ; elapsed = 00:00:25 . Memory (MB): peak = 1734.328 ; gain = 954.828
---------------------------------------------------------------------------------
---------------------------------------------------------------------------------
Start IO Insertion
---------------------------------------------------------------------------------
---------------------------------------------------------------------------------
Start Flattening Before IO Insertion
---------------------------------------------------------------------------------
---------------------------------------------------------------------------------
Finished Flattening Before IO Insertion
---------------------------------------------------------------------------------
---------------------------------------------------------------------------------
Start Final Netlist Cleanup
---------------------------------------------------------------------------------
---------------------------------------------------------------------------------
Finished Final Netlist Cleanup
---------------------------------------------------------------------------------
---------------------------------------------------------------------------------
Finished IO Insertion : Time (s): cpu = 00:00:24 ; elapsed = 00:00:27 . Memory (MB): peak = 1930.020 ; gain = 1150.520
---------------------------------------------------------------------------------
---------------------------------------------------------------------------------
Start Renaming Generated Instances
---------------------------------------------------------------------------------
---------------------------------------------------------------------------------
Finished Renaming Generated Instances : Time (s): cpu = 00:00:24 ; elapsed = 00:00:27 . Memory (MB): peak = 1930.020 ; gain = 1150.520
---------------------------------------------------------------------------------
---------------------------------------------------------------------------------
Start Rebuilding User Hierarchy
---------------------------------------------------------------------------------
---------------------------------------------------------------------------------
Finished Rebuilding User Hierarchy : Time (s): cpu = 00:00:25 ; elapsed = 00:00:27 . Memory (MB): peak = 1930.020 ; gain = 1150.520
---------------------------------------------------------------------------------
---------------------------------------------------------------------------------
Start Renaming Generated Ports
---------------------------------------------------------------------------------
---------------------------------------------------------------------------------
Finished Renaming Generated Ports : Time (s): cpu = 00:00:25 ; elapsed = 00:00:27 . Memory (MB): peak = 1930.020 ; gain = 1150.520
---------------------------------------------------------------------------------
---------------------------------------------------------------------------------
Start Handling Custom Attributes
---------------------------------------------------------------------------------
---------------------------------------------------------------------------------
Finished Handling Custom Attributes : Time (s): cpu = 00:00:25 ; elapsed = 00:00:27 . Memory (MB): peak = 1930.020 ; gain = 1150.520
---------------------------------------------------------------------------------
---------------------------------------------------------------------------------
Start Renaming Generated Nets
---------------------------------------------------------------------------------
---------------------------------------------------------------------------------
Finished Renaming Generated Nets : Time (s): cpu = 00:00:25 ; elapsed = 00:00:27 . Memory (MB): peak = 1930.020 ; gain = 1150.520
---------------------------------------------------------------------------------
---------------------------------------------------------------------------------
Start Writing Synthesis Report
---------------------------------------------------------------------------------

Report BlackBoxes: 
+-+--------------+----------+
| |BlackBox name |Instances |
+-+--------------+----------+
+-+--------------+----------+

Report Cell Usage: 
+------+------+------+
|      |Cell  |Count |
+------+------+------+
|1     |BUFG  |     1|
|2     |LUT1  |     7|
|3     |LUT2  |   344|
|4     |LUT3  |   178|
|5     |LUT4  |    24|
|6     |LUT5  |    66|
|7     |LUT6  |  1005|
|8     |MUXF7 |   313|
|9     |MUXF8 |   146|
|10    |FDRE  |  1106|
|11    |FDSE  |    70|
|12    |IBUF  |     2|
+------+------+------+
---------------------------------------------------------------------------------
Finished Writing Synthesis Report : Time (s): cpu = 00:00:25 ; elapsed = 00:00:27 . Memory (MB): peak = 1930.020 ; gain = 1150.520
---------------------------------------------------------------------------------
Synthesis finished with 0 errors, 0 critical warnings and 0 warnings.
Synthesis Optimization Runtime : Time (s): cpu = 00:00:19 ; elapsed = 00:00:25 . Memory (MB): peak = 1930.020 ; gain = 1074.832
Synthesis Optimization Complete : Time (s): cpu = 00:00:25 ; elapsed = 00:00:27 . Memory (MB): peak = 1930.020 ; gain = 1150.520
INFO: [Project 1-571] Translating synthesized netlist
Netlist sorting complete. Time (s): cpu = 00:00:00 ; elapsed = 00:00:00.011 . Memory (MB): peak = 1939.203 ; gain = 0.000
INFO: [Netlist 29-17] Analyzing 459 Unisim elements for replacement
INFO: [Netlist 29-28] Unisim Transformation completed in 0 CPU seconds
WARNING: [Netlist 29-101] Netlist 'AES_testbench' is not ideal for floorplanning, since the cellview 'AES' contains a large number of primitives.  Please consider enabling hierarchy in synthesis if you want to do floorplanning.
INFO: [Project 1-570] Preparing netlist for logic optimization
INFO: [Opt 31-138] Pushed 0 inverter(s) to 0 load pin(s).
Netlist sorting complete. Time (s): cpu = 00:00:00 ; elapsed = 00:00:00.001 . Memory (MB): peak = 1945.512 ; gain = 0.000
INFO: [Project 1-111] Unisim Transformation Summary:
No Unisim elements were transformed.

Synth Design complete | Checksum: 2a35c352
INFO: [Common 17-83] Releasing license: Synthesis
19 Infos, 1 Warnings, 0 Critical Warnings and 0 Errors encountered.
synth_design completed successfully
synth_design: Time (s): cpu = 00:00:28 ; elapsed = 00:00:32 . Memory (MB): peak = 1945.512 ; gain = 1402.723
Write ShapeDB Complete: Time (s): cpu = 00:00:00 ; elapsed = 00:00:00.002 . Memory (MB): peak = 1945.512 ; gain = 0.000
INFO: [Common 17-1381] The checkpoint 'C:/Users/j48s677/Desktop/AES/arch4/vivado_proj/AES_one_round/AES_one_round.runs/synth_1/AES_testbench.dcp' has been generated.
INFO: [Vivado 12-24828] Executing command : report_utilization -file AES_testbench_utilization_synth.rpt -pb AES_testbench_utilization_synth.pb
INFO: [Common 17-206] Exiting Vivado at Thu Oct  1 21:45:54 2026...
