
*** Running vivado
    with args -log AES_testbench.vdi -applog -m64 -product Vivado -messageDb vivado.pb -mode batch -source AES_testbench.tcl -notrace



****** Vivado v2025.2 (64-bit)
  **** SW Build 6299465 on Fri Nov 14 19:35:11 GMT 2025
  **** IP Build 6300035 on Fri Nov 14 10:48:45 MST 2025
  **** SharedData Build 6298862 on Thu Nov 13 04:50:51 MST 2025
  **** Start of session at: Thu Oct  1 21:34:58 2026
    ** Copyright 1986-2022 Xilinx, Inc. All Rights Reserved.
    ** Copyright 2022-2025 Advanced Micro Devices, Inc. All Rights Reserved.

source AES_testbench.tcl -notrace
Command: link_design -top AES_testbench -part xc7a200tfbg484-1
Design is defaulting to srcset: sources_1
Design is defaulting to constrset: constrs_1
INFO: [Device 21-403] Loading part xc7a200tfbg484-1
Netlist sorting complete. Time (s): cpu = 00:00:00 ; elapsed = 00:00:00.024 . Memory (MB): peak = 805.359 ; gain = 0.000
INFO: [Netlist 29-17] Analyzing 3258 Unisim elements for replacement
INFO: [Netlist 29-28] Unisim Transformation completed in 0 CPU seconds
WARNING: [Netlist 29-101] Netlist 'AES_testbench' is not ideal for floorplanning, since the cellview 'AES' contains a large number of primitives.  Please consider enabling hierarchy in synthesis if you want to do floorplanning.
INFO: [Project 1-479] Netlist was created with Vivado 2025.2
INFO: [Project 1-570] Preparing netlist for logic optimization
Parsing XDC File [C:/Users/j48s677/Desktop/AES/arch3/vivado_proj/AES_half_pipeline/AES_half_pipeline.srcs/constrs_1/imports/resilient_hydra/constraints_hydra.xdc]
Finished Parsing XDC File [C:/Users/j48s677/Desktop/AES/arch3/vivado_proj/AES_half_pipeline/AES_half_pipeline.srcs/constrs_1/imports/resilient_hydra/constraints_hydra.xdc]
INFO: [Opt 31-138] Pushed 0 inverter(s) to 0 load pin(s).
Netlist sorting complete. Time (s): cpu = 00:00:00 ; elapsed = 00:00:00.001 . Memory (MB): peak = 956.484 ; gain = 0.000
INFO: [Project 1-111] Unisim Transformation Summary:
No Unisim elements were transformed.

7 Infos, 1 Warnings, 0 Critical Warnings and 0 Errors encountered.
link_design completed successfully
Command: opt_design
Attempting to get a license for feature 'Implementation' and/or device 'xc7a200t'
INFO: [Common 17-349] Got license for feature 'Implementation' and/or device 'xc7a200t'
Running DRC as a precondition to command opt_design

Starting DRC Task
INFO: [DRC 23-27] Running DRC with 2 threads
INFO: [Project 1-461] DRC finished with 0 Errors
INFO: [Project 1-462] Please refer to the DRC report (report_drc) for more information.

Time (s): cpu = 00:00:00 ; elapsed = 00:00:00.333 . Memory (MB): peak = 978.969 ; gain = 17.488

Starting Cache Timing Information Task
INFO: [Timing 38-35] Done setting XDC timing constraints.
Ending Cache Timing Information Task | Checksum: 1c528636a

Time (s): cpu = 00:00:03 ; elapsed = 00:00:04 . Memory (MB): peak = 1574.508 ; gain = 595.539

Starting Logic Optimization Task

Phase 1 Initialization

Phase 1.1 Core Generation And Design Setup

Phase 1.1.1 Generate And Synthesize Debug Cores
INFO: [Chipscope 16-329] Generating Script for core instance : dbg_hub 
INFO: [IP_Flow 19-234] Refreshing IP repositories
INFO: [IP_Flow 19-1704] No user IP repositories specified
INFO: [IP_Flow 19-2313] Loaded Vivado IP repository 'C:/AMDDesignTools/2025.2/Vivado/data/ip'.
INFO: [IP_Flow 19-3806] Processing IP xilinx.com:ip:xsdbm:3.0 for cell dbg_hub_CV.
INFO: [Chipscope 16-329] Generating Script for core instance : u_ila_0 
INFO: [IP_Flow 19-3806] Processing IP xilinx.com:ip:ila:6.2 for cell u_ila_0_CV.
INFO: [Chipscope 16-469] Using cached IP synthesis design for IP xilinx.com:ip:xsdbm:3.0, cache-ID = e37fbdc421ed5418.
INFO: [Chipscope 16-469] Using cached IP synthesis design for IP xilinx.com:ip:ila:6.2, cache-ID = bf678cc83fb7c530.
Done building netlist checker database: Time (s): cpu = 00:00:00 ; elapsed = 00:00:00.002 . Memory (MB): peak = 2067.688 ; gain = 0.000
Done building netlist checker database: Time (s): cpu = 00:00:00 ; elapsed = 00:00:00.003 . Memory (MB): peak = 2067.688 ; gain = 0.000
Netlist sorting complete. Time (s): cpu = 00:00:01 ; elapsed = 00:00:00.052 . Memory (MB): peak = 2077.824 ; gain = 0.000
Phase 1.1.1 Generate And Synthesize Debug Cores | Checksum: f9c6de1f

Time (s): cpu = 00:00:08 ; elapsed = 00:00:25 . Memory (MB): peak = 2077.824 ; gain = 43.047
Phase 1.1 Core Generation And Design Setup | Checksum: f9c6de1f

Time (s): cpu = 00:00:08 ; elapsed = 00:00:25 . Memory (MB): peak = 2077.824 ; gain = 43.047

Phase 1.2 Setup Constraints And Sort Netlist
Phase 1.2 Setup Constraints And Sort Netlist | Checksum: f9c6de1f

Time (s): cpu = 00:00:08 ; elapsed = 00:00:25 . Memory (MB): peak = 2077.824 ; gain = 43.047
Phase 1 Initialization | Checksum: f9c6de1f

Time (s): cpu = 00:00:08 ; elapsed = 00:00:25 . Memory (MB): peak = 2077.824 ; gain = 43.047

Phase 2 Timer Update And Timing Data Collection

Phase 2.1 Detect if minReqCache needed
Phase 2.1 Detect if minReqCache needed | Checksum: f9c6de1f

Time (s): cpu = 00:00:08 ; elapsed = 00:00:25 . Memory (MB): peak = 2077.824 ; gain = 43.047

Phase 2.2 Timer Update
Phase 2.2 Timer Update | Checksum: f9c6de1f

Time (s): cpu = 00:00:08 ; elapsed = 00:00:25 . Memory (MB): peak = 2077.824 ; gain = 43.047

Phase 2.3 Timing Data Collection
Phase 2.3 Timing Data Collection | Checksum: f9c6de1f

Time (s): cpu = 00:00:08 ; elapsed = 00:00:25 . Memory (MB): peak = 2077.824 ; gain = 43.047
Phase 2 Timer Update And Timing Data Collection | Checksum: f9c6de1f

Time (s): cpu = 00:00:08 ; elapsed = 00:00:25 . Memory (MB): peak = 2077.824 ; gain = 43.047

Phase 3 Retarget
INFO: [Opt 31-1851] Number of loadless carry chains removed were: 0
INFO: [Opt 31-1834] Total Chains To Be Transformed Were: 0 AND Number of Transformed insts Created are: 0
INFO: [Opt 31-138] Pushed 2 inverter(s) to 2 load pin(s).
INFO: [Opt 31-49] Retargeted 0 cell(s).
Phase 3 Retarget | Checksum: 1931d050b

Time (s): cpu = 00:00:08 ; elapsed = 00:00:25 . Memory (MB): peak = 2077.824 ; gain = 43.047
Retarget | Checksum: 1931d050b
INFO: [Opt 31-389] Phase Retarget created 8 cells and removed 16 cells
INFO: [Opt 31-1021] In phase Retarget, 142 netlist objects are constrained preventing optimization. Please run opt_design with -debug_log to get more detail. 

Phase 4 Constant propagation
INFO: [Opt 31-138] Pushed 0 inverter(s) to 0 load pin(s).
Phase 4 Constant propagation | Checksum: 1ea2e6371

Time (s): cpu = 00:00:08 ; elapsed = 00:00:25 . Memory (MB): peak = 2077.824 ; gain = 43.047
Constant propagation | Checksum: 1ea2e6371
INFO: [Opt 31-389] Phase Constant propagation created 0 cells and removed 16 cells
INFO: [Opt 31-1021] In phase Constant propagation, 124 netlist objects are constrained preventing optimization. Please run opt_design with -debug_log to get more detail. 

Phase 5 Sweep
INFO: [Constraints 18-11670] Building netlist checker database with flags, 0x8
Done building netlist checker database: Time (s): cpu = 00:00:00 ; elapsed = 00:00:00.002 . Memory (MB): peak = 2077.824 ; gain = 0.000
INFO: [Constraints 18-11670] Building netlist checker database with flags, 0x8
Done building netlist checker database: Time (s): cpu = 00:00:00 ; elapsed = 00:00:00.003 . Memory (MB): peak = 2077.824 ; gain = 0.000
Phase 5 Sweep | Checksum: 21ee6af4a

Time (s): cpu = 00:00:08 ; elapsed = 00:00:25 . Memory (MB): peak = 2077.824 ; gain = 43.047
Sweep | Checksum: 21ee6af4a
INFO: [Opt 31-389] Phase Sweep created 0 cells and removed 46 cells
INFO: [Opt 31-1021] In phase Sweep, 1762 netlist objects are constrained preventing optimization. Please run opt_design with -debug_log to get more detail. 

Phase 6 BUFG optimization
Phase 6 BUFG optimization | Checksum: 21ee6af4a

Time (s): cpu = 00:00:08 ; elapsed = 00:00:25 . Memory (MB): peak = 2077.824 ; gain = 43.047
BUFG optimization | Checksum: 21ee6af4a
INFO: [Opt 31-662] Phase BUFG optimization created 0 cells of which 0 are BUFGs and removed 0 cells.

Phase 7 Shift Register Optimization
INFO: [Opt 31-1064] SRL Remap converted 0 SRLs to 0 registers and converted 0 registers of register chains to 0 SRLs
Phase 7 Shift Register Optimization | Checksum: 21ee6af4a

Time (s): cpu = 00:00:08 ; elapsed = 00:00:25 . Memory (MB): peak = 2077.824 ; gain = 43.047
Shift Register Optimization | Checksum: 21ee6af4a
INFO: [Opt 31-389] Phase Shift Register Optimization created 0 cells and removed 0 cells

Phase 8 Post Processing Netlist
Phase 8 Post Processing Netlist | Checksum: 21ee6af4a

Time (s): cpu = 00:00:08 ; elapsed = 00:00:25 . Memory (MB): peak = 2077.824 ; gain = 43.047
Post Processing Netlist | Checksum: 21ee6af4a
INFO: [Opt 31-389] Phase Post Processing Netlist created 0 cells and removed 0 cells
INFO: [Opt 31-1021] In phase Post Processing Netlist, 133 netlist objects are constrained preventing optimization. Please run opt_design with -debug_log to get more detail. 

Phase 9 Finalization

Phase 9.1 Finalizing Design Cores and Updating Shapes
Phase 9.1 Finalizing Design Cores and Updating Shapes | Checksum: 24f4ceaa4

Time (s): cpu = 00:00:08 ; elapsed = 00:00:25 . Memory (MB): peak = 2077.824 ; gain = 43.047

Phase 9.2 Verifying Netlist Connectivity

Starting Connectivity Check Task

Time (s): cpu = 00:00:00 ; elapsed = 00:00:00.018 . Memory (MB): peak = 2077.824 ; gain = 0.000
Phase 9.2 Verifying Netlist Connectivity | Checksum: 24f4ceaa4

Time (s): cpu = 00:00:08 ; elapsed = 00:00:25 . Memory (MB): peak = 2077.824 ; gain = 43.047
Phase 9 Finalization | Checksum: 24f4ceaa4

Time (s): cpu = 00:00:08 ; elapsed = 00:00:25 . Memory (MB): peak = 2077.824 ; gain = 43.047
Opt_design Change Summary
=========================


-------------------------------------------------------------------------------------------------------------------------
|  Phase                        |  #Cells created  |  #Cells Removed  |  #Constrained objects preventing optimizations  |
-------------------------------------------------------------------------------------------------------------------------
|  Retarget                     |               8  |              16  |                                            142  |
|  Constant propagation         |               0  |              16  |                                            124  |
|  Sweep                        |               0  |              46  |                                           1762  |
|  BUFG optimization            |               0  |               0  |                                              0  |
|  Shift Register Optimization  |               0  |               0  |                                              0  |
|  Post Processing Netlist      |               0  |               0  |                                            133  |
-------------------------------------------------------------------------------------------------------------------------


Ending Logic Optimization Task | Checksum: 24f4ceaa4

Time (s): cpu = 00:00:08 ; elapsed = 00:00:25 . Memory (MB): peak = 2077.824 ; gain = 43.047

Starting Power Optimization Task
INFO: [Pwropt 34-132] Skipping clock gating for clocks with a period < 2.00 ns.
INFO: [Pwropt 34-9] Applying IDT optimizations ...
INFO: [Pwropt 34-10] Applying ODC optimizations ...
INFO: [Timing 38-35] Done setting XDC timing constraints.
Running Vector-less Activity Propagation...

Finished Running Vector-less Activity Propagation


Starting PowerOpt Patch Enables Task
INFO: [Pwropt 34-162] WRITE_MODE attribute of 0 BRAM(s) out of a total of 4 has been updated to save power. Run report_power_opt to get a complete listing of the BRAMs updated.
INFO: [Pwropt 34-201] Structural ODC has moved 0 WE to EN ports
Number of BRAM Ports augmented: 4 newly gated: 0 Total Ports: 8
Ending PowerOpt Patch Enables Task | Checksum: 1dec8e484

Time (s): cpu = 00:00:00 ; elapsed = 00:00:00.036 . Memory (MB): peak = 2077.824 ; gain = 0.000
Ending Power Optimization Task | Checksum: 1dec8e484

Time (s): cpu = 00:00:03 ; elapsed = 00:00:02 . Memory (MB): peak = 2077.824 ; gain = 0.000

Starting Final Cleanup Task
Ending Final Cleanup Task | Checksum: 1dec8e484

Time (s): cpu = 00:00:00 ; elapsed = 00:00:00.001 . Memory (MB): peak = 2077.824 ; gain = 0.000
Netlist sorting complete. Time (s): cpu = 00:00:00 ; elapsed = 00:00:00.004 . Memory (MB): peak = 2077.824 ; gain = 0.000
INFO: [Common 17-83] Releasing license: Implementation
55 Infos, 9 Warnings, 0 Critical Warnings and 0 Errors encountered.
opt_design completed successfully
opt_design: Time (s): cpu = 00:00:16 ; elapsed = 00:00:33 . Memory (MB): peak = 2077.824 ; gain = 1116.344
INFO: [Vivado 12-24828] Executing command : report_drc -file AES_testbench_drc_opted.rpt -pb AES_testbench_drc_opted.pb -rpx AES_testbench_drc_opted.rpx
Command: report_drc -file AES_testbench_drc_opted.rpt -pb AES_testbench_drc_opted.pb -rpx AES_testbench_drc_opted.rpx
INFO: [IP_Flow 19-1839] IP Catalog is up to date.
INFO: [DRC 23-27] Running DRC with 2 threads
INFO: [Vivado_Tcl 2-168] The results of DRC are in file C:/Users/j48s677/Desktop/AES/arch3/vivado_proj/AES_half_pipeline/AES_half_pipeline.runs/impl_1/AES_testbench_drc_opted.rpt.
report_drc completed successfully
INFO: [Timing 38-480] Writing timing data to binary archive.
Wrote PlaceDB: Time (s): cpu = 00:00:00 ; elapsed = 00:00:00 . Memory (MB): peak = 2077.824 ; gain = 0.000
Wrote PulsedLatchDB: Time (s): cpu = 00:00:00 ; elapsed = 00:00:00 . Memory (MB): peak = 2077.824 ; gain = 0.000
Writing XDEF routing.
Writing XDEF routing logical nets.
Write ShapeDB Complete: Time (s): cpu = 00:00:01 ; elapsed = 00:00:00.023 . Memory (MB): peak = 2077.824 ; gain = 0.000
Writing XDEF routing special nets.
Wrote RouteStorage: Time (s): cpu = 00:00:00 ; elapsed = 00:00:00.023 . Memory (MB): peak = 2077.824 ; gain = 0.000
Wrote PlaceStorage: Time (s): cpu = 00:00:00 ; elapsed = 00:00:00 . Memory (MB): peak = 2077.824 ; gain = 0.000
Wrote Netlist Cache: Time (s): cpu = 00:00:00 ; elapsed = 00:00:00 . Memory (MB): peak = 2077.824 ; gain = 0.000
Wrote Device Cache: Time (s): cpu = 00:00:00 ; elapsed = 00:00:00.002 . Memory (MB): peak = 2077.824 ; gain = 0.000
Write Physdb Complete: Time (s): cpu = 00:00:01 ; elapsed = 00:00:00.032 . Memory (MB): peak = 2077.824 ; gain = 0.000
INFO: [Common 17-1381] The checkpoint 'C:/Users/j48s677/Desktop/AES/arch3/vivado_proj/AES_half_pipeline/AES_half_pipeline.runs/impl_1/AES_testbench_opt.dcp' has been generated.
INFO: [Chipscope 16-240] Debug cores have already been implemented
Command: place_design
Attempting to get a license for feature 'Implementation' and/or device 'xc7a200t'
INFO: [Common 17-349] Got license for feature 'Implementation' and/or device 'xc7a200t'
INFO: [Common 17-83] Releasing license: Implementation
INFO: [DRC 23-27] Running DRC with 2 threads
INFO: [Vivado_Tcl 4-198] DRC finished with 0 Errors
INFO: [Vivado_Tcl 4-199] Please refer to the DRC report (report_drc) for more information.
INFO: [Timing 38-35] Done setting XDC timing constraints.
Running DRC as a precondition to command place_design
INFO: [DRC 23-27] Running DRC with 2 threads
INFO: [Vivado_Tcl 4-198] DRC finished with 0 Errors
INFO: [Vivado_Tcl 4-199] Please refer to the DRC report (report_drc) for more information.
INFO: [Place 30-611] Multithreading enabled for place_design using a maximum of 2 CPUs

Starting Placer Task

Phase 1 Placer Initialization

Phase 1.1 Placer Initialization Netlist Sorting
Netlist sorting complete. Time (s): cpu = 00:00:00 ; elapsed = 00:00:00.003 . Memory (MB): peak = 2077.824 ; gain = 0.000
Phase 1.1 Placer Initialization Netlist Sorting | Checksum: 1a177ed5d

Time (s): cpu = 00:00:00 ; elapsed = 00:00:00.005 . Memory (MB): peak = 2077.824 ; gain = 0.000
Netlist sorting complete. Time (s): cpu = 00:00:00 ; elapsed = 00:00:00.003 . Memory (MB): peak = 2077.824 ; gain = 0.000

Phase 1.2 IO Placement/ Clock Placement/ Build Placer Device
Phase 1.2 IO Placement/ Clock Placement/ Build Placer Device | Checksum: 25b6fe15f

Time (s): cpu = 00:00:01 ; elapsed = 00:00:00.548 . Memory (MB): peak = 2077.824 ; gain = 0.000

Phase 1.3 Build Placer Netlist Model
Phase 1.3 Build Placer Netlist Model | Checksum: 2689b9c27

Time (s): cpu = 00:00:04 ; elapsed = 00:00:02 . Memory (MB): peak = 2077.824 ; gain = 0.000

Phase 1.4 Constrain Clocks/Macros
Phase 1.4 Constrain Clocks/Macros | Checksum: 2689b9c27

Time (s): cpu = 00:00:04 ; elapsed = 00:00:02 . Memory (MB): peak = 2077.824 ; gain = 0.000
Phase 1 Placer Initialization | Checksum: 2689b9c27

Time (s): cpu = 00:00:04 ; elapsed = 00:00:02 . Memory (MB): peak = 2077.824 ; gain = 0.000

Phase 2 Global Placement

Phase 2.1 Floorplanning
Phase 2.1 Floorplanning | Checksum: 26c935a78

Time (s): cpu = 00:00:06 ; elapsed = 00:00:03 . Memory (MB): peak = 2077.824 ; gain = 0.000

Phase 2.2 Update Timing before SLR Path Opt
Phase 2.2 Update Timing before SLR Path Opt | Checksum: 313f6ea0c

Time (s): cpu = 00:00:07 ; elapsed = 00:00:04 . Memory (MB): peak = 2077.824 ; gain = 0.000

Phase 2.3 Post-Processing in Floorplanning
Phase 2.3 Post-Processing in Floorplanning | Checksum: 313f6ea0c

Time (s): cpu = 00:00:07 ; elapsed = 00:00:04 . Memory (MB): peak = 2077.824 ; gain = 0.000

Phase 2.4 Global Place Phase1
Phase 2.4 Global Place Phase1 | Checksum: 334507ccc

Time (s): cpu = 00:00:17 ; elapsed = 00:00:10 . Memory (MB): peak = 2077.824 ; gain = 0.000

Phase 2.5 Global Place Phase2

Phase 2.5.1 UpdateTiming Before Physical Synthesis
Phase 2.5.1 UpdateTiming Before Physical Synthesis | Checksum: 2fb3226a3

Time (s): cpu = 00:00:20 ; elapsed = 00:00:11 . Memory (MB): peak = 2077.824 ; gain = 0.000

Phase 2.5.2 Physical Synthesis In Placer
INFO: [Physopt 32-1035] Found 0 LUTNM shape to break, 414 LUT instances to create LUTNM shape
INFO: [Physopt 32-1044] Break lutnm for timing: one critical 0, two critical 0, total 0, new lutff created 0
INFO: [Physopt 32-1138] End 1 Pass. Optimized 174 nets or LUTs. Breaked 0 LUT, combined 174 existing LUTs and moved 0 existing LUT
INFO: [Physopt 32-65] No nets found for high-fanout optimization.
INFO: [Physopt 32-232] Optimized 0 net. Created 0 new instance.
INFO: [Physopt 32-775] End 1 Pass. Optimized 0 net or cell. Created 0 new cell, deleted 0 existing cell and moved 0 existing cell
INFO: [Physopt 32-670] No setup violation found.  DSP Register Optimization was not performed.
INFO: [Physopt 32-670] No setup violation found.  Shift Register to Pipeline Optimization was not performed.
INFO: [Physopt 32-670] No setup violation found.  Shift Register Optimization was not performed.
INFO: [Physopt 32-670] No setup violation found.  BRAM Register Optimization was not performed.
INFO: [Physopt 32-670] No setup violation found.  URAM Register Optimization was not performed.
INFO: [Physopt 32-949] No candidate nets found for dynamic/static region interface net replication
INFO: [Physopt 32-775] End 1 Pass. Optimized 0 net or cell. Created 0 new cell, deleted 0 existing cell and moved 0 existing cell
Netlist sorting complete. Time (s): cpu = 00:00:00 ; elapsed = 00:00:00.003 . Memory (MB): peak = 2077.824 ; gain = 0.000

Summary of Physical Synthesis Optimizations
============================================


-----------------------------------------------------------------------------------------------------------------------------------------------------------
|  Optimization                                     |  Added Cells  |  Removed Cells  |  Optimized Cells/Nets  |  Dont Touch  |  Iterations  |  Elapsed   |
-----------------------------------------------------------------------------------------------------------------------------------------------------------
|  LUT Combining                                    |            0  |            174  |                   174  |           0  |           1  |  00:00:00  |
|  Retime                                           |            0  |              0  |                     0  |           0  |           1  |  00:00:00  |
|  Very High Fanout                                 |            0  |              0  |                     0  |           0  |           1  |  00:00:00  |
|  DSP Register                                     |            0  |              0  |                     0  |           0  |           0  |  00:00:00  |
|  Shift Register to Pipeline                       |            0  |              0  |                     0  |           0  |           0  |  00:00:00  |
|  Shift Register                                   |            0  |              0  |                     0  |           0  |           0  |  00:00:00  |
|  BRAM Register                                    |            0  |              0  |                     0  |           0  |           0  |  00:00:00  |
|  URAM Register                                    |            0  |              0  |                     0  |           0  |           0  |  00:00:00  |
|  Dynamic/Static Region Interface Net Replication  |            0  |              0  |                     0  |           0  |           1  |  00:00:00  |
|  Total                                            |            0  |            174  |                   174  |           0  |           4  |  00:00:00  |
-----------------------------------------------------------------------------------------------------------------------------------------------------------


Phase 2.5.2 Physical Synthesis In Placer | Checksum: 26ddb2d54

Time (s): cpu = 00:00:22 ; elapsed = 00:00:13 . Memory (MB): peak = 2077.824 ; gain = 0.000
Phase 2.5 Global Place Phase2 | Checksum: 2b7ae83c2

Time (s): cpu = 00:00:23 ; elapsed = 00:00:13 . Memory (MB): peak = 2077.824 ; gain = 0.000
Phase 2 Global Placement | Checksum: 2b7ae83c2

Time (s): cpu = 00:00:23 ; elapsed = 00:00:13 . Memory (MB): peak = 2077.824 ; gain = 0.000

Phase 3 Detail Placement

Phase 3.1 Commit Multi Column Macros
Phase 3.1 Commit Multi Column Macros | Checksum: 2a7f9d9e2

Time (s): cpu = 00:00:25 ; elapsed = 00:00:14 . Memory (MB): peak = 2077.824 ; gain = 0.000

Phase 3.2 Commit Most Macros & LUTRAMs
Phase 3.2 Commit Most Macros & LUTRAMs | Checksum: 291516a92

Time (s): cpu = 00:00:27 ; elapsed = 00:00:15 . Memory (MB): peak = 2077.824 ; gain = 0.000

Phase 3.3 Area Swap Optimization
Phase 3.3 Area Swap Optimization | Checksum: 2b19ed7c0

Time (s): cpu = 00:00:27 ; elapsed = 00:00:15 . Memory (MB): peak = 2077.824 ; gain = 0.000

Phase 3.4 Pipeline Register Optimization
Phase 3.4 Pipeline Register Optimization | Checksum: 305536154

Time (s): cpu = 00:00:27 ; elapsed = 00:00:15 . Memory (MB): peak = 2077.824 ; gain = 0.000

Phase 3.5 Fast Optimization
Phase 3.5 Fast Optimization | Checksum: 2a227f637

Time (s): cpu = 00:00:29 ; elapsed = 00:00:17 . Memory (MB): peak = 2077.824 ; gain = 0.000

Phase 3.6 Small Shape Detail Placement
Phase 3.6 Small Shape Detail Placement | Checksum: 2e71bcfe8

Time (s): cpu = 00:00:34 ; elapsed = 00:00:22 . Memory (MB): peak = 2077.824 ; gain = 0.000

Phase 3.7 Re-assign LUT pins
Phase 3.7 Re-assign LUT pins | Checksum: 299323864

Time (s): cpu = 00:00:35 ; elapsed = 00:00:23 . Memory (MB): peak = 2077.824 ; gain = 0.000

Phase 3.8 Pipeline Register Optimization
Phase 3.8 Pipeline Register Optimization | Checksum: 2b6c5f9e5

Time (s): cpu = 00:00:35 ; elapsed = 00:00:23 . Memory (MB): peak = 2077.824 ; gain = 0.000
Phase 3 Detail Placement | Checksum: 2b6c5f9e5

Time (s): cpu = 00:00:35 ; elapsed = 00:00:23 . Memory (MB): peak = 2077.824 ; gain = 0.000

Phase 4 Post Placement Optimization and Clean-Up

Phase 4.1 Post Commit Optimization
INFO: [Timing 38-35] Done setting XDC timing constraints.

Phase 4.1.1 Post Placement Optimization
Post Placement Optimization Initialization | Checksum: 2c4468aa4

Phase 4.1.1.1 BUFG Insertion

Starting Physical Synthesis Task

Phase 1 Physical Synthesis Initialization
INFO: [Physopt 32-721] Multithreading enabled for phys_opt_design using a maximum of 2 CPUs
INFO: [Physopt 32-619] Estimated Timing Summary | WNS=0.539 | TNS=0.000 |
Phase 1 Physical Synthesis Initialization | Checksum: 21080a61b

Time (s): cpu = 00:00:01 ; elapsed = 00:00:00.182 . Memory (MB): peak = 2077.824 ; gain = 0.000
INFO: [Place 46-56] BUFG insertion identified 0 candidate nets. Inserted BUFG: 0, Replicated BUFG Driver: 0, Skipped due to Placement/Routing Conflicts: 0, Skipped due to Timing Degradation: 0, Skipped due to netlist editing failed: 0.
Ending Physical Synthesis Task | Checksum: 22e31da3f

Time (s): cpu = 00:00:01 ; elapsed = 00:00:00.203 . Memory (MB): peak = 2077.824 ; gain = 0.000
Phase 4.1.1.1 BUFG Insertion | Checksum: 2c4468aa4

Time (s): cpu = 00:00:39 ; elapsed = 00:00:25 . Memory (MB): peak = 2077.824 ; gain = 0.000

Phase 4.1.1.2 Post Placement Timing Optimization
INFO: [Place 30-746] Post Placement Timing Summary WNS=0.539. For the most accurate timing information please run report_timing.
Phase 4.1.1.2 Post Placement Timing Optimization | Checksum: 254b61ec5

Time (s): cpu = 00:00:39 ; elapsed = 00:00:25 . Memory (MB): peak = 2077.824 ; gain = 0.000

Time (s): cpu = 00:00:39 ; elapsed = 00:00:25 . Memory (MB): peak = 2077.824 ; gain = 0.000
Phase 4.1 Post Commit Optimization | Checksum: 254b61ec5

Time (s): cpu = 00:00:39 ; elapsed = 00:00:25 . Memory (MB): peak = 2077.824 ; gain = 0.000

Phase 4.2 Post Placement Cleanup
Phase 4.2 Post Placement Cleanup | Checksum: 254b61ec5

Time (s): cpu = 00:00:39 ; elapsed = 00:00:26 . Memory (MB): peak = 2077.824 ; gain = 0.000

Phase 4.3 Placer Reporting

Phase 4.3.1 Print Estimated Congestion
INFO: [Place 30-612] Post-Placement Estimated Congestion 
 ____________________________________________________
|           | Global Congestion | Short Congestion  |
| Direction | Region Size       | Region Size       |
|___________|___________________|___________________|
|      North|                1x1|                4x4|
|___________|___________________|___________________|
|      South|                1x1|                4x4|
|___________|___________________|___________________|
|       East|                1x1|                1x1|
|___________|___________________|___________________|
|       West|                1x1|                2x2|
|___________|___________________|___________________|

Phase 4.3.1 Print Estimated Congestion | Checksum: 254b61ec5

Time (s): cpu = 00:00:39 ; elapsed = 00:00:26 . Memory (MB): peak = 2077.824 ; gain = 0.000
Phase 4.3 Placer Reporting | Checksum: 254b61ec5

Time (s): cpu = 00:00:39 ; elapsed = 00:00:26 . Memory (MB): peak = 2077.824 ; gain = 0.000

Phase 4.4 Final Placement Cleanup
Netlist sorting complete. Time (s): cpu = 00:00:00 ; elapsed = 00:00:00.003 . Memory (MB): peak = 2077.824 ; gain = 0.000

Time (s): cpu = 00:00:39 ; elapsed = 00:00:26 . Memory (MB): peak = 2077.824 ; gain = 0.000
Phase 4 Post Placement Optimization and Clean-Up | Checksum: 1985bc71d

Time (s): cpu = 00:00:39 ; elapsed = 00:00:26 . Memory (MB): peak = 2077.824 ; gain = 0.000
Ending Placer Task | Checksum: 133ddd650

Time (s): cpu = 00:00:39 ; elapsed = 00:00:26 . Memory (MB): peak = 2077.824 ; gain = 0.000
91 Infos, 9 Warnings, 0 Critical Warnings and 0 Errors encountered.
place_design completed successfully
place_design: Time (s): cpu = 00:00:40 ; elapsed = 00:00:26 . Memory (MB): peak = 2077.824 ; gain = 0.000
INFO: [Vivado 12-24838] Running report commands "report_control_sets, report_io, report_utilization" in parallel.
Running report generation with 2 threads.
INFO: [Vivado 12-24828] Executing command : report_io -file AES_testbench_io_placed.rpt
report_io: Time (s): cpu = 00:00:00 ; elapsed = 00:00:00.058 . Memory (MB): peak = 2077.824 ; gain = 0.000
INFO: [Vivado 12-24828] Executing command : report_control_sets -verbose -file AES_testbench_control_sets_placed.rpt
report_control_sets: Time (s): cpu = 00:00:00 ; elapsed = 00:00:00.020 . Memory (MB): peak = 2077.824 ; gain = 0.000
INFO: [Vivado 12-24828] Executing command : report_utilization -file AES_testbench_utilization_placed.rpt -pb AES_testbench_utilization_placed.pb
INFO: [Timing 38-480] Writing timing data to binary archive.
Wrote PlaceDB: Time (s): cpu = 00:00:00 ; elapsed = 00:00:00 . Memory (MB): peak = 2077.824 ; gain = 0.000
Wrote PulsedLatchDB: Time (s): cpu = 00:00:00 ; elapsed = 00:00:00 . Memory (MB): peak = 2077.824 ; gain = 0.000
Writing XDEF routing.
Writing XDEF routing logical nets.
Writing XDEF routing special nets.
Wrote RouteStorage: Time (s): cpu = 00:00:00 ; elapsed = 00:00:00.018 . Memory (MB): peak = 2077.824 ; gain = 0.000
Write ShapeDB Complete: Time (s): cpu = 00:00:00 ; elapsed = 00:00:00.024 . Memory (MB): peak = 2077.824 ; gain = 0.000
Wrote PlaceStorage: Time (s): cpu = 00:00:00 ; elapsed = 00:00:00.369 . Memory (MB): peak = 2077.824 ; gain = 0.000
Wrote Netlist Cache: Time (s): cpu = 00:00:00 ; elapsed = 00:00:00.012 . Memory (MB): peak = 2077.824 ; gain = 0.000
Wrote Device Cache: Time (s): cpu = 00:00:00 ; elapsed = 00:00:00.004 . Memory (MB): peak = 2077.824 ; gain = 0.000
Write Physdb Complete: Time (s): cpu = 00:00:01 ; elapsed = 00:00:00.412 . Memory (MB): peak = 2077.824 ; gain = 0.000
INFO: [Common 17-1381] The checkpoint 'C:/Users/j48s677/Desktop/AES/arch3/vivado_proj/AES_half_pipeline/AES_half_pipeline.runs/impl_1/AES_testbench_placed.dcp' has been generated.
Command: phys_opt_design
Attempting to get a license for feature 'Implementation' and/or device 'xc7a200t'
INFO: [Common 17-349] Got license for feature 'Implementation' and/or device 'xc7a200t'

Starting Initial Update Timing Task

Time (s): cpu = 00:00:02 ; elapsed = 00:00:01 . Memory (MB): peak = 2077.824 ; gain = 0.000
INFO: [Vivado_Tcl 4-2279] Estimated Timing Summary | WNS= 0.539 | TNS= 0.000 | 
INFO: [Vivado_Tcl 4-383] Design worst setup slack (WNS) is greater than or equal to 0.000 ns. All physical synthesis setup optimizations will be skipped.
INFO: [Vivado_Tcl 4-232] No setup violation found. The netlist was not modified.
INFO: [Common 17-83] Releasing license: Implementation
102 Infos, 9 Warnings, 0 Critical Warnings and 0 Errors encountered.
phys_opt_design completed successfully
INFO: [Timing 38-480] Writing timing data to binary archive.
Wrote PlaceDB: Time (s): cpu = 00:00:00 ; elapsed = 00:00:00.001 . Memory (MB): peak = 2077.824 ; gain = 0.000
Wrote PulsedLatchDB: Time (s): cpu = 00:00:00 ; elapsed = 00:00:00 . Memory (MB): peak = 2077.824 ; gain = 0.000
Writing XDEF routing.
Writing XDEF routing logical nets.
Writing XDEF routing special nets.
Wrote RouteStorage: Time (s): cpu = 00:00:00 ; elapsed = 00:00:00.017 . Memory (MB): peak = 2077.824 ; gain = 0.000
Write ShapeDB Complete: Time (s): cpu = 00:00:00 ; elapsed = 00:00:00.024 . Memory (MB): peak = 2077.824 ; gain = 0.000
Wrote PlaceStorage: Time (s): cpu = 00:00:01 ; elapsed = 00:00:00.359 . Memory (MB): peak = 2077.824 ; gain = 0.000
Wrote Netlist Cache: Time (s): cpu = 00:00:00 ; elapsed = 00:00:00.012 . Memory (MB): peak = 2077.824 ; gain = 0.000
Wrote Device Cache: Time (s): cpu = 00:00:00 ; elapsed = 00:00:00.003 . Memory (MB): peak = 2077.824 ; gain = 0.000
Write Physdb Complete: Time (s): cpu = 00:00:01 ; elapsed = 00:00:00.400 . Memory (MB): peak = 2077.824 ; gain = 0.000
INFO: [Common 17-1381] The checkpoint 'C:/Users/j48s677/Desktop/AES/arch3/vivado_proj/AES_half_pipeline/AES_half_pipeline.runs/impl_1/AES_testbench_physopt.dcp' has been generated.
Command: route_design
Attempting to get a license for feature 'Implementation' and/or device 'xc7a200t'
INFO: [Common 17-349] Got license for feature 'Implementation' and/or device 'xc7a200t'


Starting Routing Task
INFO: [Route 35-254] Multithreading enabled for route_design using a maximum of 2 CPUs

Phase 1 Build RT Design
Checksum: PlaceDB: 59a4a56c ConstDB: 0 ShapeSum: 421e4580 RouteDB: 981aeb64
Post Restoration Checksum: NetGraph: 8e5f3d49 | NumContArr: 4deb83 | Constraints: c2a8fa9d | Timing: c2a8fa9d
Phase 1 Build RT Design | Checksum: 213ff1e06

Time (s): cpu = 00:00:34 ; elapsed = 00:00:32 . Memory (MB): peak = 2197.012 ; gain = 119.188

Phase 2 Router Initialization

Phase 2.1 Fix Topology Constraints
Phase 2.1 Fix Topology Constraints | Checksum: 213ff1e06

Time (s): cpu = 00:00:35 ; elapsed = 00:00:32 . Memory (MB): peak = 2197.012 ; gain = 119.188

Phase 2.2 Pre Route Cleanup
Phase 2.2 Pre Route Cleanup | Checksum: 213ff1e06

Time (s): cpu = 00:00:35 ; elapsed = 00:00:32 . Memory (MB): peak = 2197.012 ; gain = 119.188
 Number of Nodes with overlaps = 0

Phase 2.3 Update Timing
Phase 2.3 Update Timing | Checksum: 2a405f1b1

Time (s): cpu = 00:00:38 ; elapsed = 00:00:34 . Memory (MB): peak = 2255.801 ; gain = 177.977
INFO: [Route 35-416] Intermediate Timing Summary | WNS=1.281  | TNS=0.000  | WHS=-0.199 | THS=-117.911|


Phase 2.4 Update Timing for Bus Skew

Phase 2.4.1 Update Timing
Phase 2.4.1 Update Timing | Checksum: 365171964

Time (s): cpu = 00:00:41 ; elapsed = 00:00:36 . Memory (MB): peak = 2255.801 ; gain = 177.977
INFO: [Route 35-416] Intermediate Timing Summary | WNS=1.281  | TNS=0.000  | WHS=-0.029 | THS=-0.029 |

Phase 2.4 Update Timing for Bus Skew | Checksum: 38866cca9

Time (s): cpu = 00:00:41 ; elapsed = 00:00:36 . Memory (MB): peak = 2255.801 ; gain = 177.977

Phase 2.5 Soft Constraint Pins - Fast Budgeting
Phase 2.5 Soft Constraint Pins - Fast Budgeting | Checksum: 38866cca9

Time (s): cpu = 00:00:41 ; elapsed = 00:00:36 . Memory (MB): peak = 2282.387 ; gain = 204.562

Router Utilization Summary
  Global Vertical Routing Utilization    = 0 %
  Global Horizontal Routing Utilization  = 0 %
  Routable Net Status*
  *Does not include unroutable nets such as driverless and loadless.
  Run report_route_status for detailed report.
  Number of Failed Nets               = 11965
    (Failed Nets is the sum of unrouted and partially routed nets)
  Number of Unrouted Nets             = 11965
  Number of Partially Routed Nets     = 0
  Number of Node Overlaps             = 0

Phase 2 Router Initialization | Checksum: 2e66ce3d7

Time (s): cpu = 00:00:42 ; elapsed = 00:00:36 . Memory (MB): peak = 2282.387 ; gain = 204.562

Phase 3 Global Routing
Phase 3 Global Routing | Checksum: 2e66ce3d7

Time (s): cpu = 00:00:42 ; elapsed = 00:00:36 . Memory (MB): peak = 2282.387 ; gain = 204.562

Phase 4 Initial Routing

Phase 4.1 Initial Net Routing Pass
Phase 4.1 Initial Net Routing Pass | Checksum: 2c262625c

Time (s): cpu = 00:00:45 ; elapsed = 00:00:38 . Memory (MB): peak = 2282.387 ; gain = 204.562
Phase 4 Initial Routing | Checksum: 2c262625c

Time (s): cpu = 00:00:45 ; elapsed = 00:00:38 . Memory (MB): peak = 2282.387 ; gain = 204.562

Phase 5 Rip-up And Reroute

Phase 5.1 Global Iteration 0
 Number of Nodes with overlaps = 12431
 Number of Nodes with overlaps = 5875
 Number of Nodes with overlaps = 3490
 Number of Nodes with overlaps = 1847
 Number of Nodes with overlaps = 789
 Number of Nodes with overlaps = 400
 Number of Nodes with overlaps = 176
 Number of Nodes with overlaps = 90
 Number of Nodes with overlaps = 33
 Number of Nodes with overlaps = 16
 Number of Nodes with overlaps = 8
 Number of Nodes with overlaps = 3
 Number of Nodes with overlaps = 3
 Number of Nodes with overlaps = 2
 Number of Nodes with overlaps = 0
INFO: [Route 35-416] Intermediate Timing Summary | WNS=-0.401 | TNS=-1.266 | WHS=N/A    | THS=N/A    |

Phase 5.1 Global Iteration 0 | Checksum: 1f2267250

Time (s): cpu = 00:01:48 ; elapsed = 00:01:34 . Memory (MB): peak = 2305.621 ; gain = 227.797

Phase 5.2 Global Iteration 1
 Number of Nodes with overlaps = 8141
 Number of Nodes with overlaps = 4150
 Number of Nodes with overlaps = 2391
 Number of Nodes with overlaps = 1154
 Number of Nodes with overlaps = 522
 Number of Nodes with overlaps = 175
 Number of Nodes with overlaps = 113
 Number of Nodes with overlaps = 57
 Number of Nodes with overlaps = 40
 Number of Nodes with overlaps = 41
 Number of Nodes with overlaps = 34
 Number of Nodes with overlaps = 7
 Number of Nodes with overlaps = 16
 Number of Nodes with overlaps = 10
 Number of Nodes with overlaps = 39
 Number of Nodes with overlaps = 9
 Number of Nodes with overlaps = 18
 Number of Nodes with overlaps = 16
 Number of Nodes with overlaps = 7
 Number of Nodes with overlaps = 3
 Number of Nodes with overlaps = 3
 Number of Nodes with overlaps = 1
 Number of Nodes with overlaps = 0
INFO: [Route 35-416] Intermediate Timing Summary | WNS=0.077  | TNS=0.000  | WHS=N/A    | THS=N/A    |

Phase 5.2 Global Iteration 1 | Checksum: 2bf336321

Time (s): cpu = 00:03:21 ; elapsed = 00:02:33 . Memory (MB): peak = 2305.621 ; gain = 227.797
Phase 5 Rip-up And Reroute | Checksum: 2bf336321

Time (s): cpu = 00:03:21 ; elapsed = 00:02:33 . Memory (MB): peak = 2305.621 ; gain = 227.797

Phase 6 Delay and Skew Optimization

Phase 6.1 Delay CleanUp

Phase 6.1.1 Update Timing
Phase 6.1.1 Update Timing | Checksum: 2962f2249

Time (s): cpu = 00:03:22 ; elapsed = 00:02:33 . Memory (MB): peak = 2305.621 ; gain = 227.797
INFO: [Route 35-416] Intermediate Timing Summary | WNS=0.165  | TNS=0.000  | WHS=N/A    | THS=N/A    |

Phase 6.1 Delay CleanUp | Checksum: 3486391c2

Time (s): cpu = 00:03:22 ; elapsed = 00:02:33 . Memory (MB): peak = 2305.621 ; gain = 227.797

Phase 6.2 Clock Skew Optimization
Phase 6.2 Clock Skew Optimization | Checksum: 3486391c2

Time (s): cpu = 00:03:22 ; elapsed = 00:02:33 . Memory (MB): peak = 2305.621 ; gain = 227.797
Phase 6 Delay and Skew Optimization | Checksum: 3486391c2

Time (s): cpu = 00:03:22 ; elapsed = 00:02:33 . Memory (MB): peak = 2305.621 ; gain = 227.797

Phase 7 Post Hold Fix

Phase 7.1 Hold Fix Iter
INFO: [Route 35-416] Intermediate Timing Summary | WNS=0.165  | TNS=0.000  | WHS=0.059  | THS=0.000  |

Phase 7.1 Hold Fix Iter | Checksum: 28d053b3e

Time (s): cpu = 00:03:22 ; elapsed = 00:02:33 . Memory (MB): peak = 2305.621 ; gain = 227.797
Phase 7 Post Hold Fix | Checksum: 28d053b3e

Time (s): cpu = 00:03:22 ; elapsed = 00:02:33 . Memory (MB): peak = 2305.621 ; gain = 227.797

Phase 8 Route finalize

Router Utilization Summary
  Global Vertical Routing Utilization    = 2.1821 %
  Global Horizontal Routing Utilization  = 2.77406 %
  Routable Net Status*
  *Does not include unroutable nets such as driverless and loadless.
  Run report_route_status for detailed report.
  Number of Failed Nets               = 0
    (Failed Nets is the sum of unrouted and partially routed nets)
  Number of Unrouted Nets             = 0
  Number of Partially Routed Nets     = 0
  Number of Node Overlaps             = 0

Phase 8 Route finalize | Checksum: 28d053b3e

Time (s): cpu = 00:03:22 ; elapsed = 00:02:33 . Memory (MB): peak = 2305.621 ; gain = 227.797

Phase 9 Verifying routed nets

 Verification completed successfully
Phase 9 Verifying routed nets | Checksum: 28d053b3e

Time (s): cpu = 00:03:22 ; elapsed = 00:02:33 . Memory (MB): peak = 2305.621 ; gain = 227.797

Phase 10 Depositing Routes
Phase 10 Depositing Routes | Checksum: 1e099ac9b

Time (s): cpu = 00:03:24 ; elapsed = 00:02:35 . Memory (MB): peak = 2305.621 ; gain = 227.797

Phase 11 Post Process Routing
Phase 11 Post Process Routing | Checksum: 1e099ac9b

Time (s): cpu = 00:03:24 ; elapsed = 00:02:35 . Memory (MB): peak = 2305.621 ; gain = 227.797

Phase 12 Post Router Timing
INFO: [Route 35-57] Estimated Timing Summary | WNS=0.165  | TNS=0.000  | WHS=0.059  | THS=0.000  |

INFO: [Route 35-327] The final timing numbers are based on the router estimated timing analysis. For a complete and accurate timing signoff, please run report_timing_summary.
Phase 12 Post Router Timing | Checksum: 1e099ac9b

Time (s): cpu = 00:03:24 ; elapsed = 00:02:35 . Memory (MB): peak = 2305.621 ; gain = 227.797
Total Elapsed time in route_design: 154.975 secs

Phase 13 Post-Route Event Processing
Phase 13 Post-Route Event Processing | Checksum: a528903c

Time (s): cpu = 00:03:24 ; elapsed = 00:02:35 . Memory (MB): peak = 2305.621 ; gain = 227.797
INFO: [Route 35-16] Router Completed Successfully
Ending Routing Task | Checksum: a528903c

Time (s): cpu = 00:03:24 ; elapsed = 00:02:35 . Memory (MB): peak = 2305.621 ; gain = 227.797

Routing Is Done.
INFO: [Common 17-83] Releasing license: Implementation
116 Infos, 9 Warnings, 0 Critical Warnings and 0 Errors encountered.
route_design completed successfully
route_design: Time (s): cpu = 00:03:24 ; elapsed = 00:02:35 . Memory (MB): peak = 2305.621 ; gain = 227.797
INFO: [Vivado 12-24828] Executing command : report_drc -file AES_testbench_drc_routed.rpt -pb AES_testbench_drc_routed.pb -rpx AES_testbench_drc_routed.rpx
Command: report_drc -file AES_testbench_drc_routed.rpt -pb AES_testbench_drc_routed.pb -rpx AES_testbench_drc_routed.rpx
INFO: [IP_Flow 19-1839] IP Catalog is up to date.
INFO: [DRC 23-27] Running DRC with 2 threads
INFO: [Vivado_Tcl 2-168] The results of DRC are in file C:/Users/j48s677/Desktop/AES/arch3/vivado_proj/AES_half_pipeline/AES_half_pipeline.runs/impl_1/AES_testbench_drc_routed.rpt.
report_drc completed successfully
INFO: [Vivado 12-24828] Executing command : report_methodology -file AES_testbench_methodology_drc_routed.rpt -pb AES_testbench_methodology_drc_routed.pb -rpx AES_testbench_methodology_drc_routed.rpx
Command: report_methodology -file AES_testbench_methodology_drc_routed.rpt -pb AES_testbench_methodology_drc_routed.pb -rpx AES_testbench_methodology_drc_routed.rpx
INFO: [Timing 38-35] Done setting XDC timing constraints.
INFO: [DRC 23-133] Running Methodology with 2 threads
INFO: [Vivado_Tcl 2-1520] The results of Report Methodology are in file C:/Users/j48s677/Desktop/AES/arch3/vivado_proj/AES_half_pipeline/AES_half_pipeline.runs/impl_1/AES_testbench_methodology_drc_routed.rpt.
report_methodology completed successfully
INFO: [Vivado 12-24828] Executing command : report_timing_summary -max_paths 10 -routable_nets -report_unconstrained -file AES_testbench_timing_summary_routed.rpt -pb AES_testbench_timing_summary_routed.pb -rpx AES_testbench_timing_summary_routed.rpx -warn_on_violation 
INFO: [Timing 38-35] Done setting XDC timing constraints.
INFO: [Timing 38-91] UpdateTimingParams: Speed grade: -1, Delay Type: min_max.
INFO: [Timing 38-191] Multithreading enabled for timing update using a maximum of 2 CPUs
WARNING: [Timing 38-436] There are set_bus_skew constraint(s) in this design. Please run report_bus_skew to ensure that bus skew requirements are met.
INFO: [Vivado 12-24838] Running report commands "report_incremental_reuse, report_route_status" in parallel.
Running report generation with 2 threads.
INFO: [Vivado 12-24828] Executing command : report_incremental_reuse -file AES_testbench_incremental_reuse_routed.rpt
INFO: [Vivado_Tcl 4-1062] Incremental flow is disabled. No incremental reuse Info to report.
INFO: [Vivado 12-24828] Executing command : report_route_status -file AES_testbench_route_status.rpt -pb AES_testbench_route_status.pb
INFO: [Vivado 12-24828] Executing command : report_power -file AES_testbench_power_routed.rpt -pb AES_testbench_power_summary_routed.pb -rpx AES_testbench_power_routed.rpx
Command: report_power -file AES_testbench_power_routed.rpt -pb AES_testbench_power_summary_routed.pb -rpx AES_testbench_power_routed.rpx
Running Vector-less Activity Propagation...

Finished Running Vector-less Activity Propagation
WARNING: [Power 33-332] Found switching activity that implies high-fanout reset nets being asserted for excessive periods of time which may result in inaccurate power analysis.
Resolution: To review and fix problems, please run Power Constraints Advisor in the GUI from Tools > Power Constraints Advisor or run report_power with the -advisory option to generate a text report.
133 Infos, 11 Warnings, 0 Critical Warnings and 0 Errors encountered.
report_power completed successfully
report_power: Time (s): cpu = 00:00:07 ; elapsed = 00:00:05 . Memory (MB): peak = 2305.621 ; gain = 0.000
INFO: [Vivado 12-24828] Executing command : report_clock_utilization -file AES_testbench_clock_utilization_routed.rpt
INFO: [Vivado 12-24828] Executing command : report_bus_skew -warn_on_violation -file AES_testbench_bus_skew_routed.rpt -pb AES_testbench_bus_skew_routed.pb -rpx AES_testbench_bus_skew_routed.rpx
INFO: [Timing 38-91] UpdateTimingParams: Speed grade: -1, Delay Type: min_max.
INFO: [Timing 38-191] Multithreading enabled for timing update using a maximum of 2 CPUs
generate_parallel_reports: Time (s): cpu = 00:00:15 ; elapsed = 00:00:11 . Memory (MB): peak = 2305.621 ; gain = 0.000
INFO: [Timing 38-480] Writing timing data to binary archive.
Wrote PlaceDB: Time (s): cpu = 00:00:00 ; elapsed = 00:00:00 . Memory (MB): peak = 2305.621 ; gain = 0.000
Wrote PulsedLatchDB: Time (s): cpu = 00:00:00 ; elapsed = 00:00:00 . Memory (MB): peak = 2305.621 ; gain = 0.000
Writing XDEF routing.
Writing XDEF routing logical nets.
Write ShapeDB Complete: Time (s): cpu = 00:00:00 ; elapsed = 00:00:00.024 . Memory (MB): peak = 2305.621 ; gain = 0.000
Writing XDEF routing special nets.
Wrote RouteStorage: Time (s): cpu = 00:00:01 ; elapsed = 00:00:00.088 . Memory (MB): peak = 2305.621 ; gain = 0.000
Wrote PlaceStorage: Time (s): cpu = 00:00:00 ; elapsed = 00:00:00.361 . Memory (MB): peak = 2305.621 ; gain = 0.000
Wrote Netlist Cache: Time (s): cpu = 00:00:00 ; elapsed = 00:00:00.013 . Memory (MB): peak = 2305.621 ; gain = 0.000
Wrote Device Cache: Time (s): cpu = 00:00:00 ; elapsed = 00:00:00.003 . Memory (MB): peak = 2305.621 ; gain = 0.000
Write Physdb Complete: Time (s): cpu = 00:00:01 ; elapsed = 00:00:00.474 . Memory (MB): peak = 2305.621 ; gain = 0.000
INFO: [Common 17-1381] The checkpoint 'C:/Users/j48s677/Desktop/AES/arch3/vivado_proj/AES_half_pipeline/AES_half_pipeline.runs/impl_1/AES_testbench_routed.dcp' has been generated.
INFO: [Common 17-206] Exiting Vivado at Thu Oct  1 21:38:59 2026...

*** Running vivado
    with args -log AES_testbench.vdi -applog -m64 -product Vivado -messageDb vivado.pb -mode batch -source AES_testbench.tcl -notrace



****** Vivado v2025.2 (64-bit)
  **** SW Build 6299465 on Fri Nov 14 19:35:11 GMT 2025
  **** IP Build 6300035 on Fri Nov 14 10:48:45 MST 2025
  **** SharedData Build 6298862 on Thu Nov 13 04:50:51 MST 2025
  **** Start of session at: Thu Oct  1 21:41:33 2026
    ** Copyright 1986-2022 Xilinx, Inc. All Rights Reserved.
    ** Copyright 2022-2025 Advanced Micro Devices, Inc. All Rights Reserved.

source AES_testbench.tcl -notrace
Command: open_checkpoint AES_testbench_routed.dcp
INFO: [Device 21-403] Loading part xc7a200tfbg484-1
Netlist sorting complete. Time (s): cpu = 00:00:00 ; elapsed = 00:00:00.078 . Memory (MB): peak = 825.898 ; gain = 0.000
INFO: [Netlist 29-17] Analyzing 3439 Unisim elements for replacement
INFO: [Netlist 29-28] Unisim Transformation completed in 0 CPU seconds
INFO: [Project 1-479] Netlist was created with Vivado 2025.2
INFO: [Project 1-570] Preparing netlist for logic optimization
Read ShapeDB Complete: Time (s): cpu = 00:00:00 ; elapsed = 00:00:00.028 . Memory (MB): peak = 951.555 ; gain = 3.629
INFO: [Timing 38-478] Restoring timing data from binary archive.
INFO: [Timing 38-479] Binary timing data restore complete.
INFO: [Project 1-856] Restoring constraints from binary archive.
INFO: [Project 1-853] Binary constraint restore complete.
INFO: [Designutils 20-5722] Start Reading Physical Databases.
Reading placement.
Read Netlist Cache: Time (s): cpu = 00:00:00 ; elapsed = 00:00:00.011 . Memory (MB): peak = 1607.523 ; gain = 0.000
Reading placer database...
Read Device Cache: Time (s): cpu = 00:00:00 ; elapsed = 00:00:00.005 . Memory (MB): peak = 1607.523 ; gain = 0.000
Read PlaceDB: Time (s): cpu = 00:00:00 ; elapsed = 00:00:00 . Memory (MB): peak = 1607.523 ; gain = 0.000
Read placeStorage: Time (s): cpu = 00:00:00 ; elapsed = 00:00:00.215 . Memory (MB): peak = 1607.523 ; gain = 0.000
Read PulsedLatchDB: Time (s): cpu = 00:00:00 ; elapsed = 00:00:00 . Memory (MB): peak = 1607.523 ; gain = 0.000
Reading routing.
Read RouteStorage: Time (s): cpu = 00:00:00 ; elapsed = 00:00:00.098 . Memory (MB): peak = 1607.523 ; gain = 0.000
Read Physdb Files: Time (s): cpu = 00:00:00 ; elapsed = 00:00:00.347 . Memory (MB): peak = 1607.523 ; gain = 0.000
Restored from archive | CPU: 0.000000 secs | Memory: 0.000000 MB |
Finished XDEF File Restore: Time (s): cpu = 00:00:00 ; elapsed = 00:00:00.378 . Memory (MB): peak = 1607.523 ; gain = 0.605
Netlist sorting complete. Time (s): cpu = 00:00:00 ; elapsed = 00:00:00.003 . Memory (MB): peak = 1618.883 ; gain = 0.000
INFO: [Project 1-111] Unisim Transformation Summary:
  A total of 122 instances were transformed.
  CFGLUT5 => CFGLUT5 (SRL16E, SRLC32E): 116 instances
  RAM32M => RAM32M (RAMD32(x6), RAMS32(x2)): 6 instances

INFO: [Project 1-604] Checkpoint was created with Vivado v2025.2 (64-bit) build 6299465
open_checkpoint: Time (s): cpu = 00:00:13 ; elapsed = 00:00:13 . Memory (MB): peak = 1626.965 ; gain = 1307.449
Command: write_bitstream -force AES_testbench.bit
Attempting to get a license for feature 'Implementation' and/or device 'xc7a200t'
INFO: [Common 17-349] Got license for feature 'Implementation' and/or device 'xc7a200t'
Running DRC as a precondition to command write_bitstream
INFO: [IP_Flow 19-234] Refreshing IP repositories
INFO: [IP_Flow 19-1704] No user IP repositories specified
INFO: [IP_Flow 19-2313] Loaded Vivado IP repository 'C:/AMDDesignTools/2025.2/Vivado/data/ip'.
INFO: [DRC 23-27] Running DRC with 2 threads
INFO: [Vivado 12-3199] DRC finished with 0 Errors
INFO: [Vivado 12-3200] Please refer to the DRC report (report_drc) for more information.
Integrating Hard IP ELF/MEM with the PDI.
INFO: [Designutils 20-2272] Running write_bitstream with 2 threads.
Loading data files...
Loading site data...
Loading route data...
Processing options...
Creating bitmap...
Creating bitstream...
Writing bitstream ./AES_testbench.bit...
Creating bitstream...
Writing bitstream ./AES_testbench.ebc...
Creating essential bits data...
This design has 2286911 essential bits out of 61104192 total (3.74%).
Creating bitstream...
Writing bitstream ./AES_testbench.ebd...
INFO: [Vivado 12-1842] Bitgen Completed Successfully.
INFO: [Common 17-83] Releasing license: Implementation
22 Infos, 0 Warnings, 0 Critical Warnings and 0 Errors encountered.
write_bitstream completed successfully
write_bitstream: Time (s): cpu = 00:00:51 ; elapsed = 00:00:49 . Memory (MB): peak = 2500.969 ; gain = 874.004
INFO: [Common 17-206] Exiting Vivado at Thu Oct  1 21:42:37 2026...
