
*** Running vivado
    with args -log AES_testbench.vds -m64 -product Vivado -mode batch -messageDb vivado.pb -notrace -source AES_testbench.tcl



****** Vivado v2025.2 (64-bit)
  **** SW Build 6299465 on Fri Nov 14 19:35:11 GMT 2025
  **** IP Build 6300035 on Fri Nov 14 10:48:45 MST 2025
  **** SharedData Build 6298862 on Thu Nov 13 04:50:51 MST 2025
  **** Start of session at: Thu Oct  1 19:40:59 2026
    ** Copyright 1986-2022 Xilinx, Inc. All Rights Reserved.
    ** Copyright 2022-2025 Advanced Micro Devices, Inc. All Rights Reserved.

source AES_testbench.tcl -notrace
Command: read_checkpoint -auto_incremental -incremental C:/Users/j48s677/Desktop/AES/arch1/vivado_proj/AES_full_pipeline/AES_full_pipeline.srcs/utils_1/imports/synth_1/AES_testbench.dcp
INFO: [Vivado 12-5825] Read reference checkpoint from C:/Users/j48s677/Desktop/AES/arch1/vivado_proj/AES_full_pipeline/AES_full_pipeline.srcs/utils_1/imports/synth_1/AES_testbench.dcp for incremental synthesis
INFO: [Vivado 12-7989] Please ensure there are no constraint changes
Command: synth_design -top AES_testbench -part xc7a200tfbg484-1
Starting synth_design
Attempting to get a license for feature 'Synthesis' and/or device 'xc7a200t'
INFO: [Common 17-349] Got license for feature 'Synthesis' and/or device 'xc7a200t'
INFO: [Device 21-403] Loading part xc7a200tfbg484-1
INFO: [Designutils 20-5440] No compile time benefit to using incremental synthesis; A full resynthesis will be run
INFO: [Designutils 20-4379] Flow is switching to default flow due to incremental criteria not met. If you would like to alter this behaviour and have the flow terminate instead, please set the following parameter config_implementation {autoIncr.Synth.RejectBehavior Terminate}
INFO: [Synth 8-7079] Multithreading enabled for synth_design using a maximum of 2 processes.
INFO: [Synth 8-7078] Launching helper process for spawning children vivado processes
INFO: [Synth 8-7075] Helper process launched with PID 22328
---------------------------------------------------------------------------------
Starting RTL Elaboration : Time (s): cpu = 00:00:03 ; elapsed = 00:00:03 . Memory (MB): peak = 1323.480 ; gain = 542.816
---------------------------------------------------------------------------------
INFO: [Synth 8-638] synthesizing module 'AES_testbench' [C:/Users/j48s677/Desktop/AES/arch1/test_top.vhd:37]
INFO: [Synth 8-638] synthesizing module 'AES' [C:/Users/j48s677/Desktop/AES/arch1/AES.vhd:28]
INFO: [Synth 8-256] done synthesizing module 'AES' (0#1) [C:/Users/j48s677/Desktop/AES/arch1/AES.vhd:28]
INFO: [Synth 8-256] done synthesizing module 'AES_testbench' (0#1) [C:/Users/j48s677/Desktop/AES/arch1/test_top.vhd:37]
---------------------------------------------------------------------------------
Finished RTL Elaboration : Time (s): cpu = 00:00:06 ; elapsed = 00:00:06 . Memory (MB): peak = 1653.887 ; gain = 873.223
---------------------------------------------------------------------------------
---------------------------------------------------------------------------------
Start Handling Custom Attributes
---------------------------------------------------------------------------------
---------------------------------------------------------------------------------
Finished Handling Custom Attributes : Time (s): cpu = 00:00:06 ; elapsed = 00:00:07 . Memory (MB): peak = 1653.887 ; gain = 873.223
---------------------------------------------------------------------------------
---------------------------------------------------------------------------------
Finished RTL Optimization Phase 1 : Time (s): cpu = 00:00:06 ; elapsed = 00:00:07 . Memory (MB): peak = 1653.887 ; gain = 873.223
---------------------------------------------------------------------------------
Netlist sorting complete. Time (s): cpu = 00:00:00 ; elapsed = 00:00:00.047 . Memory (MB): peak = 1653.887 ; gain = 0.000
INFO: [Project 1-570] Preparing netlist for logic optimization

Processing XDC Constraints
Initializing timing engine
Parsing XDC File [C:/Users/j48s677/Desktop/AES/arch1/vivado_proj/AES_full_pipeline/AES_full_pipeline.srcs/constrs_1/imports/resilient_hydra/constraints_hydra.xdc]
Finished Parsing XDC File [C:/Users/j48s677/Desktop/AES/arch1/vivado_proj/AES_full_pipeline/AES_full_pipeline.srcs/constrs_1/imports/resilient_hydra/constraints_hydra.xdc]
INFO: [Project 1-236] Implementation specific constraints were found while reading constraint file [C:/Users/j48s677/Desktop/AES/arch1/vivado_proj/AES_full_pipeline/AES_full_pipeline.srcs/constrs_1/imports/resilient_hydra/constraints_hydra.xdc]. These constraints will be ignored for synthesis but will be used in implementation. Impacted constraints are listed in the file [.Xil/AES_testbench_propImpl.xdc].
Resolution: To avoid this warning, move constraints listed in [.Xil/AES_testbench_propImpl.xdc] to another XDC file and exclude this new file from synthesis with the used_in_synthesis property (File Properties dialog in GUI) and re-run elaboration/synthesis.
Completed Processing XDC Constraints

Netlist sorting complete. Time (s): cpu = 00:00:00 ; elapsed = 00:00:00.002 . Memory (MB): peak = 1752.766 ; gain = 0.000
INFO: [Project 1-111] Unisim Transformation Summary:
No Unisim elements were transformed.

Constraint Validation Runtime : Time (s): cpu = 00:00:00 ; elapsed = 00:00:00.050 . Memory (MB): peak = 1752.766 ; gain = 0.000
INFO: [Designutils 20-5440] No compile time benefit to using incremental synthesis; A full resynthesis will be run
INFO: [Designutils 20-4379] Flow is switching to default flow due to incremental criteria not met. If you would like to alter this behaviour and have the flow terminate instead, please set the following parameter config_implementation {autoIncr.Synth.RejectBehavior Terminate}
---------------------------------------------------------------------------------
Finished Constraint Validation : Time (s): cpu = 00:00:12 ; elapsed = 00:00:13 . Memory (MB): peak = 1752.766 ; gain = 972.102
---------------------------------------------------------------------------------
---------------------------------------------------------------------------------
Start Loading Part and Timing Information
---------------------------------------------------------------------------------
Loading part: xc7a200tfbg484-1
---------------------------------------------------------------------------------
Finished Loading Part and Timing Information : Time (s): cpu = 00:00:12 ; elapsed = 00:00:13 . Memory (MB): peak = 1752.766 ; gain = 972.102
---------------------------------------------------------------------------------
---------------------------------------------------------------------------------
Start Applying 'set_property' XDC Constraints
---------------------------------------------------------------------------------
---------------------------------------------------------------------------------
Finished applying 'set_property' XDC Constraints : Time (s): cpu = 00:00:12 ; elapsed = 00:00:13 . Memory (MB): peak = 1752.766 ; gain = 972.102
---------------------------------------------------------------------------------
---------------------------------------------------------------------------------
Finished RTL Optimization Phase 2 : Time (s): cpu = 00:00:17 ; elapsed = 00:00:18 . Memory (MB): peak = 1752.766 ; gain = 972.102
---------------------------------------------------------------------------------
---------------------------------------------------------------------------------
Start RTL Component Statistics 
---------------------------------------------------------------------------------
Detailed RTL Component Info : 
+---Adders : 
	   2 Input    4 Bit       Adders := 3     
	   2 Input    3 Bit       Adders := 2     
	   2 Input    2 Bit       Adders := 1     
+---XORs : 
	   3 Input      8 Bit         XORs := 102   
	   2 Input      8 Bit         XORs := 759   
	   4 Input      8 Bit         XORs := 56    
	   5 Input      8 Bit         XORs := 50    
	   6 Input      8 Bit         XORs := 1     
	   7 Input      8 Bit         XORs := 1     
	   8 Input      8 Bit         XORs := 1     
	   9 Input      8 Bit         XORs := 1     
+---Registers : 
	              256 Bit    Registers := 1     
	              128 Bit    Registers := 2     
	               16 Bit    Registers := 1     
	                8 Bit    Registers := 480   
	                4 Bit    Registers := 1     
	                3 Bit    Registers := 3     
	                2 Bit    Registers := 1     
	                1 Bit    Registers := 3     
+---Muxes : 
	   2 Input  256 Bit        Muxes := 1     
	   6 Input  256 Bit        Muxes := 1     
	   3 Input  256 Bit        Muxes := 1     
	   2 Input  128 Bit        Muxes := 1     
	   6 Input  128 Bit        Muxes := 2     
	   2 Input    8 Bit        Muxes := 208   
	   6 Input    4 Bit        Muxes := 1     
	   3 Input    3 Bit        Muxes := 2     
	   2 Input    3 Bit        Muxes := 2     
	   6 Input    3 Bit        Muxes := 3     
	   2 Input    2 Bit        Muxes := 4     
	   6 Input    2 Bit        Muxes := 1     
	   2 Input    1 Bit        Muxes := 5     
	   6 Input    1 Bit        Muxes := 4     
	   3 Input    1 Bit        Muxes := 1     
---------------------------------------------------------------------------------
Finished RTL Component Statistics 
---------------------------------------------------------------------------------
---------------------------------------------------------------------------------
Start Part Resource Summary
---------------------------------------------------------------------------------
Part Resources:
DSPs: 740 (col length:100)
BRAMs: 730 (col length: RAMB18 100 RAMB36 50)
---------------------------------------------------------------------------------
Finished Part Resource Summary
---------------------------------------------------------------------------------
---------------------------------------------------------------------------------
Start Cross Boundary and Area Optimization
---------------------------------------------------------------------------------
---------------------------------------------------------------------------------
Finished Cross Boundary and Area Optimization : Time (s): cpu = 00:01:56 ; elapsed = 00:02:05 . Memory (MB): peak = 1934.645 ; gain = 1153.980
---------------------------------------------------------------------------------
---------------------------------------------------------------------------------
Start ROM, RAM, DSP, Shift Register and Retiming Reporting
---------------------------------------------------------------------------------

ROM: Preliminary Mapping Report
+------------+------------+---------------+----------------+
|Module Name | RTL Object | Depth x Width | Implemented As | 
+------------+------------+---------------+----------------+
|AES         | sbox[0]    | 256x8         | LUT            | 
|AES         | sbox[0]    | 256x8         | LUT            | 
|AES         | sbox[0]    | 256x8         | LUT            | 
|AES         | sbox[0]    | 256x8         | LUT            | 
|AES         | sbox[0]    | 256x8         | LUT            | 
|AES         | sbox[0]    | 256x8         | LUT            | 
|AES         | sbox[0]    | 256x8         | LUT            | 
|AES         | sbox[0]    | 256x8         | LUT            | 
|AES         | sbox[0]    | 256x8         | LUT            | 
|AES         | sbox[0]    | 256x8         | LUT            | 
|AES         | sbox[0]    | 256x8         | LUT            | 
|AES         | sbox[0]    | 256x8         | LUT            | 
|AES         | sbox[0]    | 256x8         | LUT            | 
|AES         | sbox[0]    | 256x8         | LUT            | 
|AES         | sbox[0]    | 256x8         | LUT            | 
|AES         | sbox[0]    | 256x8         | LUT            | 
|AES         | sbox[0]    | 256x8         | LUT            | 
|AES         | sbox[0]    | 256x8         | LUT            | 
|AES         | sbox[0]    | 256x8         | LUT            | 
|AES         | sbox[0]    | 256x8         | LUT            | 
|AES         | sbox[0]    | 256x8         | LUT            | 
|AES         | sbox[0]    | 256x8         | LUT            | 
|AES         | sbox[0]    | 256x8         | LUT            | 
|AES         | sbox[0]    | 256x8         | LUT            | 
|AES         | sbox[0]    | 256x8         | LUT            | 
|AES         | sbox[0]    | 256x8         | LUT            | 
|AES         | sbox[0]    | 256x8         | LUT            | 
|AES         | sbox[0]    | 256x8         | LUT            | 
|AES         | sbox[0]    | 256x8         | LUT            | 
|AES         | sbox[0]    | 256x8         | LUT            | 
|AES         | sbox[0]    | 256x8         | LUT            | 
|AES         | sbox[0]    | 256x8         | LUT            | 
|AES         | sbox[0]    | 256x8         | LUT            | 
|AES         | sbox[0]    | 256x8         | LUT            | 
|AES         | sbox[0]    | 256x8         | LUT            | 
|AES         | sbox[0]    | 256x8         | LUT            | 
|AES         | sbox[0]    | 256x8         | LUT            | 
|AES         | sbox[0]    | 256x8         | LUT            | 
|AES         | sbox[0]    | 256x8         | LUT            | 
|AES         | sbox[0]    | 256x8         | LUT            | 
|AES         | sbox[0]    | 256x8         | LUT            | 
|AES         | sbox[0]    | 256x8         | LUT            | 
|AES         | sbox[0]    | 256x8         | LUT            | 
|AES         | sbox[0]    | 256x8         | LUT            | 
|AES         | sbox[0]    | 256x8         | LUT            | 
|AES         | sbox[0]    | 256x8         | LUT            | 
|AES         | sbox[0]    | 256x8         | LUT            | 
|AES         | sbox[0]    | 256x8         | LUT            | 
|AES         | sbox[0]    | 256x8         | LUT            | 
|AES         | sbox[0]    | 256x8         | LUT            | 
|AES         | sbox[0]    | 256x8         | LUT            | 
|AES         | sbox[0]    | 256x8         | LUT            | 
|AES         | sbox[0]    | 256x8         | LUT            | 
|AES         | sbox[0]    | 256x8         | LUT            | 
|AES         | sbox[0]    | 256x8         | LUT            | 
|AES         | sbox[0]    | 256x8         | LUT            | 
|AES         | sbox[0]    | 256x8         | LUT            | 
|AES         | sbox[0]    | 256x8         | LUT            | 
|AES         | sbox[0]    | 256x8         | LUT            | 
|AES         | sbox[0]    | 256x8         | LUT            | 
|AES         | sbox[0]    | 256x8         | LUT            | 
|AES         | sbox[0]    | 256x8         | LUT            | 
|AES         | sbox[0]    | 256x8         | LUT            | 
|AES         | sbox[0]    | 256x8         | LUT            | 
|AES         | sbox[0]    | 256x8         | LUT            | 
|AES         | sbox[0]    | 256x8         | LUT            | 
|AES         | sbox[0]    | 256x8         | LUT            | 
|AES         | sbox[0]    | 256x8         | LUT            | 
|AES         | sbox[0]    | 256x8         | LUT            | 
|AES         | sbox[0]    | 256x8         | LUT            | 
|AES         | sbox[0]    | 256x8         | LUT            | 
|AES         | sbox[0]    | 256x8         | LUT            | 
|AES         | sbox[0]    | 256x8         | LUT            | 
|AES         | sbox[0]    | 256x8         | LUT            | 
|AES         | sbox[0]    | 256x8         | LUT            | 
|AES         | sbox[0]    | 256x8         | LUT            | 
|AES         | sbox[0]    | 256x8         | LUT            | 
|AES         | sbox[0]    | 256x8         | LUT            | 
|AES         | sbox[0]    | 256x8         | LUT            | 
|AES         | sbox[0]    | 256x8         | LUT            | 
|AES         | sbox[0]    | 256x8         | LUT            | 
|AES         | sbox[0]    | 256x8         | LUT            | 
|AES         | sbox[0]    | 256x8         | LUT            | 
|AES         | sbox[0]    | 256x8         | LUT            | 
|AES         | sbox[0]    | 256x8         | LUT            | 
|AES         | sbox[0]    | 256x8         | LUT            | 
|AES         | sbox[0]    | 256x8         | LUT            | 
|AES         | sbox[0]    | 256x8         | LUT            | 
|AES         | sbox[0]    | 256x8         | LUT            | 
|AES         | sbox[0]    | 256x8         | LUT            | 
|AES         | sbox[0]    | 256x8         | LUT            | 
|AES         | sbox[0]    | 256x8         | LUT            | 
|AES         | sbox[0]    | 256x8         | LUT            | 
|AES         | sbox[0]    | 256x8         | LUT            | 
|AES         | sbox[0]    | 256x8         | LUT            | 
|AES         | sbox[0]    | 256x8         | LUT            | 
|AES         | sbox[0]    | 256x8         | LUT            | 
|AES         | sbox[0]    | 256x8         | LUT            | 
|AES         | sbox[0]    | 256x8         | LUT            | 
|AES         | sbox[0]    | 256x8         | LUT            | 
|AES         | sbox[0]    | 256x8         | LUT            | 
|AES         | sbox[0]    | 256x8         | LUT            | 
|AES         | sbox[0]    | 256x8         | LUT            | 
|AES         | sbox[0]    | 256x8         | LUT            | 
|AES         | sbox[0]    | 256x8         | LUT            | 
|AES         | sbox[0]    | 256x8         | LUT            | 
|AES         | sbox[0]    | 256x8         | LUT            | 
|AES         | sbox[0]    | 256x8         | LUT            | 
|AES         | sbox[0]    | 256x8         | LUT            | 
|AES         | sbox[0]    | 256x8         | LUT            | 
|AES         | sbox[0]    | 256x8         | LUT            | 
|AES         | sbox[0]    | 256x8         | LUT            | 
|AES         | sbox[0]    | 256x8         | LUT            | 
|AES         | sbox[0]    | 256x8         | LUT            | 
|AES         | sbox[0]    | 256x8         | LUT            | 
|AES         | sbox[0]    | 256x8         | LUT            | 
|AES         | sbox[0]    | 256x8         | LUT            | 
|AES         | sbox[0]    | 256x8         | LUT            | 
|AES         | sbox[0]    | 256x8         | LUT            | 
|AES         | sbox[0]    | 256x8         | LUT            | 
|AES         | sbox[0]    | 256x8         | LUT            | 
|AES         | sbox[0]    | 256x8         | LUT            | 
|AES         | sbox[0]    | 256x8         | LUT            | 
|AES         | sbox[0]    | 256x8         | LUT            | 
|AES         | sbox[0]    | 256x8         | LUT            | 
|AES         | sbox[0]    | 256x8         | LUT            | 
|AES         | sbox[0]    | 256x8         | LUT            | 
|AES         | sbox[0]    | 256x8         | LUT            | 
|AES         | sbox[0]    | 256x8         | LUT            | 
|AES         | sbox[0]    | 256x8         | LUT            | 
|AES         | sbox[0]    | 256x8         | LUT            | 
|AES         | sbox[0]    | 256x8         | LUT            | 
|AES         | sbox[0]    | 256x8         | LUT            | 
|AES         | sbox[0]    | 256x8         | LUT            | 
|AES         | sbox[0]    | 256x8         | LUT            | 
|AES         | sbox[0]    | 256x8         | LUT            | 
|AES         | sbox[0]    | 256x8         | LUT            | 
|AES         | sbox[0]    | 256x8         | LUT            | 
|AES         | sbox[0]    | 256x8         | LUT            | 
|AES         | sbox[0]    | 256x8         | LUT            | 
|AES         | sbox[0]    | 256x8         | LUT            | 
|AES         | sbox[0]    | 256x8         | LUT            | 
|AES         | sbox[0]    | 256x8         | LUT            | 
|AES         | sbox[0]    | 256x8         | LUT            | 
|AES         | sbox[0]    | 256x8         | LUT            | 
|AES         | sbox[0]    | 256x8         | LUT            | 
|AES         | sbox[0]    | 256x8         | LUT            | 
|AES         | sbox[0]    | 256x8         | LUT            | 
|AES         | sbox[0]    | 256x8         | LUT            | 
|AES         | sbox[0]    | 256x8         | LUT            | 
|AES         | sbox[0]    | 256x8         | LUT            | 
|AES         | sbox[0]    | 256x8         | LUT            | 
|AES         | sbox[0]    | 256x8         | LUT            | 
|AES         | sbox[0]    | 256x8         | LUT            | 
|AES         | sbox[0]    | 256x8         | LUT            | 
|AES         | sbox[0]    | 256x8         | LUT            | 
|AES         | sbox[0]    | 256x8         | LUT            | 
|AES         | sbox[0]    | 256x8         | LUT            | 
|AES         | sbox[0]    | 256x8         | LUT            | 
|AES         | sbox[0]    | 256x8         | LUT            | 
|AES         | sbox[0]    | 256x8         | LUT            | 
|AES         | sbox[0]    | 256x8         | LUT            | 
|AES         | sbox[0]    | 256x8         | LUT            | 
|AES         | sbox[0]    | 256x8         | LUT            | 
|AES         | sbox[0]    | 256x8         | LUT            | 
|AES         | sbox[0]    | 256x8         | LUT            | 
|AES         | sbox[0]    | 256x8         | LUT            | 
|AES         | sbox[0]    | 256x8         | LUT            | 
|AES         | sbox[0]    | 256x8         | LUT            | 
|AES         | sbox[0]    | 256x8         | LUT            | 
|AES         | sbox[0]    | 256x8         | LUT            | 
|AES         | sbox[0]    | 256x8         | LUT            | 
|AES         | sbox[0]    | 256x8         | LUT            | 
|AES         | sbox[0]    | 256x8         | LUT            | 
|AES         | sbox[0]    | 256x8         | LUT            | 
|AES         | sbox[0]    | 256x8         | LUT            | 
|AES         | sbox[0]    | 256x8         | LUT            | 
|AES         | sbox[0]    | 256x8         | LUT            | 
|AES         | sbox[0]    | 256x8         | LUT            | 
|AES         | sbox[0]    | 256x8         | LUT            | 
|AES         | sbox[0]    | 256x8         | LUT            | 
|AES         | sbox[0]    | 256x8         | LUT            | 
|AES         | sbox[0]    | 256x8         | LUT            | 
|AES         | sbox[0]    | 256x8         | LUT            | 
|AES         | sbox[0]    | 256x8         | LUT            | 
|AES         | sbox[0]    | 256x8         | LUT            | 
|AES         | sbox[0]    | 256x8         | LUT            | 
|AES         | sbox[0]    | 256x8         | LUT            | 
|AES         | sbox[0]    | 256x8         | LUT            | 
|AES         | sbox[0]    | 256x8         | LUT            | 
|AES         | sbox[0]    | 256x8         | LUT            | 
|AES         | sbox[0]    | 256x8         | LUT            | 
|AES         | sbox[0]    | 256x8         | LUT            | 
|AES         | sbox[0]    | 256x8         | LUT            | 
|AES         | sbox[0]    | 256x8         | LUT            | 
|AES         | sbox[0]    | 256x8         | LUT            | 
|AES         | sbox[0]    | 256x8         | LUT            | 
|AES         | sbox[0]    | 256x8         | LUT            | 
|AES         | sbox[0]    | 256x8         | LUT            | 
|AES         | sbox[0]    | 256x8         | LUT            | 
|AES         | sbox[0]    | 256x8         | LUT            | 
|AES         | sbox[0]    | 256x8         | LUT            | 
|AES         | sbox[0]    | 256x8         | LUT            | 
|AES         | sbox[0]    | 256x8         | LUT            | 
|AES         | sbox[0]    | 256x8         | LUT            | 
|AES         | sbox[0]    | 256x8         | LUT            | 
|AES         | sbox[0]    | 256x8         | LUT            | 
|AES         | sbox[0]    | 256x8         | LUT            | 
|AES         | sbox[0]    | 256x8         | LUT            | 
|AES         | sbox[0]    | 256x8         | LUT            | 
|AES         | sbox[0]    | 256x8         | LUT            | 
|AES         | sbox[0]    | 256x8         | LUT            | 
|AES         | sbox[0]    | 256x8         | LUT            | 
|AES         | sbox[0]    | 256x8         | LUT            | 
|AES         | sbox[0]    | 256x8         | LUT            | 
|AES         | sbox[0]    | 256x8         | LUT            | 
|AES         | sbox[0]    | 256x8         | LUT            | 
|AES         | sbox[0]    | 256x8         | LUT            | 
|AES         | sbox[0]    | 256x8         | LUT            | 
|AES         | sbox[0]    | 256x8         | LUT            | 
|AES         | sbox[0]    | 256x8         | LUT            | 
|AES         | sbox[0]    | 256x8         | LUT            | 
|AES         | sbox[0]    | 256x8         | LUT            | 
|AES         | sbox[0]    | 256x8         | LUT            | 
|AES         | sbox[0]    | 256x8         | LUT            | 
|AES         | sbox[0]    | 256x8         | LUT            | 
|AES         | sbox[0]    | 256x8         | LUT            | 
|AES         | sbox[0]    | 256x8         | LUT            | 
|AES         | sbox[0]    | 256x8         | LUT            | 
|AES         | sbox[0]    | 256x8         | LUT            | 
|AES         | sbox[0]    | 256x8         | LUT            | 
|AES         | sbox[0]    | 256x8         | LUT            | 
|AES         | sbox[0]    | 256x8         | LUT            | 
|AES         | sbox[0]    | 256x8         | LUT            | 
|AES         | sbox[0]    | 256x8         | LUT            | 
|AES         | sbox[0]    | 256x8         | LUT            | 
|AES         | sbox[0]    | 256x8         | LUT            | 
|AES         | sbox[0]    | 256x8         | LUT            | 
|AES         | sbox[0]    | 256x8         | LUT            | 
|AES         | sbox[0]    | 256x8         | LUT            | 
|AES         | sbox[0]    | 256x8         | LUT            | 
|AES         | sbox[0]    | 256x8         | LUT            | 
|AES         | sbox[0]    | 256x8         | LUT            | 
|AES         | sbox[0]    | 256x8         | LUT            | 
|AES         | sbox[0]    | 256x8         | LUT            | 
|AES         | sbox[0]    | 256x8         | LUT            | 
|AES         | sbox[0]    | 256x8         | LUT            | 
|AES         | sbox[0]    | 256x8         | LUT            | 
|AES         | sbox[0]    | 256x8         | LUT            | 
|AES         | sbox[0]    | 256x8         | LUT            | 
|AES         | sbox[0]    | 256x8         | LUT            | 
|AES         | sbox[0]    | 256x8         | LUT            | 
|AES         | sbox[0]    | 256x8         | LUT            | 
|AES         | sbox[0]    | 256x8         | LUT            | 
|AES         | sbox[0]    | 256x8         | LUT            | 
|AES         | sbox[0]    | 256x8         | LUT            | 
|AES         | sbox[0]    | 256x8         | LUT            | 
|AES         | sbox[0]    | 256x8         | LUT            | 
|AES         | sbox[0]    | 256x8         | LUT            | 
|AES         | sbox[0]    | 256x8         | LUT            | 
|AES         | sbox[0]    | 256x8         | LUT            | 
|AES         | sbox[0]    | 256x8         | LUT            | 
|AES         | sbox[0]    | 256x8         | LUT            | 
|AES         | sbox[0]    | 256x8         | LUT            | 
|AES         | sbox[0]    | 256x8         | LUT            | 
|AES         | sbox[0]    | 256x8         | LUT            | 
|AES         | sbox[0]    | 256x8         | LUT            | 
|AES         | sbox[0]    | 256x8         | LUT            | 
|AES         | sbox[0]    | 256x8         | LUT            | 
|AES         | sbox[0]    | 256x8         | LUT            | 
|AES         | sbox[0]    | 256x8         | LUT            | 
|AES         | sbox[0]    | 256x8         | LUT            | 
|AES         | sbox[0]    | 256x8         | LUT            | 
|AES         | sbox[0]    | 256x8         | LUT            | 
|AES         | sbox[0]    | 256x8         | LUT            | 
|AES         | sbox[0]    | 256x8         | LUT            | 
|AES         | sbox[0]    | 256x8         | LUT            | 
|AES         | sbox[0]    | 256x8         | LUT            | 
|AES         | sbox[0]    | 256x8         | LUT            | 
|AES         | sbox[0]    | 256x8         | LUT            | 
|AES         | sbox[0]    | 256x8         | LUT            | 
|AES         | sbox[0]    | 256x8         | LUT            | 
|AES         | sbox[0]    | 256x8         | LUT            | 
|AES         | sbox[0]    | 256x8         | LUT            | 
|AES         | sbox[0]    | 256x8         | LUT            | 
|AES         | sbox[0]    | 256x8         | LUT            | 
|AES         | sbox[0]    | 256x8         | LUT            | 
|AES         | sbox[0]    | 256x8         | LUT            | 
|AES         | sbox[0]    | 256x8         | LUT            | 
|AES         | sbox[0]    | 256x8         | LUT            | 
|AES         | sbox[0]    | 256x8         | LUT            | 
|AES         | sbox[0]    | 256x8         | LUT            | 
|AES         | sbox[0]    | 256x8         | LUT            | 
|AES         | sbox[0]    | 256x8         | LUT            | 
|AES         | sbox[0]    | 256x8         | LUT            | 
|AES         | sbox[0]    | 256x8         | LUT            | 
|AES         | sbox[0]    | 256x8         | LUT            | 
|AES         | sbox[0]    | 256x8         | LUT            | 
|AES         | sbox[0]    | 256x8         | LUT            | 
|AES         | sbox[0]    | 256x8         | LUT            | 
|AES         | sbox[0]    | 256x8         | LUT            | 
|AES         | sbox[0]    | 256x8         | LUT            | 
|AES         | sbox[0]    | 256x8         | LUT            | 
|AES         | sbox[0]    | 256x8         | LUT            | 
|AES         | sbox[0]    | 256x8         | LUT            | 
|AES         | sbox[0]    | 256x8         | LUT            | 
|AES         | sbox[0]    | 256x8         | LUT            | 
|AES         | sbox[0]    | 256x8         | LUT            | 
|AES         | sbox[0]    | 256x8         | LUT            | 
|AES         | sbox[0]    | 256x8         | LUT            | 
|AES         | sbox[0]    | 256x8         | LUT            | 
|AES         | sbox[0]    | 256x8         | LUT            | 
|AES         | sbox[0]    | 256x8         | LUT            | 
|AES         | sbox[0]    | 256x8         | LUT            | 
|AES         | sbox[0]    | 256x8         | LUT            | 
|AES         | sbox[0]    | 256x8         | LUT            | 
|AES         | sbox[0]    | 256x8         | LUT            | 
|AES         | sbox[0]    | 256x8         | LUT            | 
|AES         | sbox[0]    | 256x8         | LUT            | 
|AES         | sbox[0]    | 256x8         | LUT            | 
|AES         | sbox[0]    | 256x8         | LUT            | 
|AES         | sbox[0]    | 256x8         | LUT            | 
|AES         | sbox[0]    | 256x8         | LUT            | 
|AES         | sbox[0]    | 256x8         | LUT            | 
|AES         | sbox[0]    | 256x8         | LUT            | 
|AES         | sbox[0]    | 256x8         | LUT            | 
|AES         | sbox[0]    | 256x8         | LUT            | 
|AES         | sbox[0]    | 256x8         | LUT            | 
|AES         | sbox[0]    | 256x8         | LUT            | 
|AES         | sbox[0]    | 256x8         | LUT            | 
|AES         | sbox[0]    | 256x8         | LUT            | 
|AES         | sbox[0]    | 256x8         | LUT            | 
|AES         | sbox[0]    | 256x8         | LUT            | 
|AES         | sbox[0]    | 256x8         | LUT            | 
|AES         | sbox[0]    | 256x8         | LUT            | 
|AES         | sbox[0]    | 256x8         | LUT            | 
|AES         | sbox[0]    | 256x8         | LUT            | 
|AES         | sbox[0]    | 256x8         | LUT            | 
|AES         | sbox[0]    | 256x8         | LUT            | 
|AES         | sbox[0]    | 256x8         | LUT            | 
|AES         | sbox[0]    | 256x8         | LUT            | 
|AES         | sbox[0]    | 256x8         | LUT            | 
|AES         | sbox[0]    | 256x8         | LUT            | 
|AES         | sbox[0]    | 256x8         | LUT            | 
|AES         | sbox[0]    | 256x8         | LUT            | 
|AES         | sbox[0]    | 256x8         | LUT            | 
|AES         | sbox[0]    | 256x8         | LUT            | 
|AES         | sbox[0]    | 256x8         | LUT            | 
|AES         | sbox[0]    | 256x8         | LUT            | 
|AES         | sbox[0]    | 256x8         | LUT            | 
|AES         | sbox[0]    | 256x8         | LUT            | 
|AES         | sbox[0]    | 256x8         | LUT            | 
|AES         | sbox[0]    | 256x8         | LUT            | 
|AES         | sbox[0]    | 256x8         | LUT            | 
|AES         | sbox[0]    | 256x8         | LUT            | 
|AES         | sbox[0]    | 256x8         | LUT            | 
|AES         | sbox[0]    | 256x8         | LUT            | 
|AES         | sbox[0]    | 256x8         | LUT            | 
|AES         | sbox[0]    | 256x8         | LUT            | 
|AES         | sbox[0]    | 256x8         | LUT            | 
|AES         | sbox[0]    | 256x8         | LUT            | 
|AES         | sbox[0]    | 256x8         | LUT            | 
|AES         | sbox[0]    | 256x8         | LUT            | 
|AES         | sbox[0]    | 256x8         | LUT            | 
|AES         | sbox[0]    | 256x8         | LUT            | 
|AES         | sbox[0]    | 256x8         | LUT            | 
|AES         | sbox[0]    | 256x8         | LUT            | 
|AES         | sbox[0]    | 256x8         | LUT            | 
|AES         | sbox[0]    | 256x8         | LUT            | 
|AES         | sbox[0]    | 256x8         | LUT            | 
|AES         | sbox[0]    | 256x8         | LUT            | 
|AES         | sbox[0]    | 256x8         | LUT            | 
|AES         | sbox[0]    | 256x8         | LUT            | 
|AES         | sbox[0]    | 256x8         | LUT            | 
|AES         | sbox[0]    | 256x8         | LUT            | 
|AES         | sbox[0]    | 256x8         | LUT            | 
|AES         | sbox[0]    | 256x8         | LUT            | 
|AES         | sbox[0]    | 256x8         | LUT            | 
|AES         | sbox[0]    | 256x8         | LUT            | 
|AES         | sbox[0]    | 256x8         | LUT            | 
|AES         | sbox[0]    | 256x8         | LUT            | 
|AES         | sbox[0]    | 256x8         | LUT            | 
|AES         | sbox[0]    | 256x8         | LUT            | 
|AES         | sbox[0]    | 256x8         | LUT            | 
|AES         | sbox[0]    | 256x8         | LUT            | 
|AES         | sbox[0]    | 256x8         | LUT            | 
|AES         | sbox[0]    | 256x8         | LUT            | 
|AES         | sbox[0]    | 256x8         | LUT            | 
|AES         | sbox[0]    | 256x8         | LUT            | 
|AES         | sbox[0]    | 256x8         | LUT            | 
|AES         | sbox[0]    | 256x8         | LUT            | 
|AES         | sbox[0]    | 256x8         | LUT            | 
|AES         | sbox[0]    | 256x8         | LUT            | 
|AES         | sbox[0]    | 256x8         | LUT            | 
|AES         | sbox[0]    | 256x8         | LUT            | 
|AES         | sbox[0]    | 256x8         | LUT            | 
|AES         | sbox[0]    | 256x8         | LUT            | 
|AES         | sbox[0]    | 256x8         | LUT            | 
|AES         | sbox[0]    | 256x8         | LUT            | 
|AES         | sbox[0]    | 256x8         | LUT            | 
|AES         | sbox[0]    | 256x8         | LUT            | 
|AES         | sbox[0]    | 256x8         | LUT            | 
|AES         | sbox[0]    | 256x8         | LUT            | 
|AES         | sbox[0]    | 256x8         | LUT            | 
|AES         | sbox[0]    | 256x8         | LUT            | 
|AES         | sbox[0]    | 256x8         | LUT            | 
|AES         | sbox[0]    | 256x8         | LUT            | 
|AES         | sbox[0]    | 256x8         | LUT            | 
|AES         | sbox[0]    | 256x8         | LUT            | 
|AES         | sbox[0]    | 256x8         | LUT            | 
|AES         | sbox[0]    | 256x8         | LUT            | 
|AES         | sbox[0]    | 256x8         | LUT            | 
|AES         | sbox[0]    | 256x8         | LUT            | 
|AES         | sbox[0]    | 256x8         | LUT            | 
|AES         | sbox[0]    | 256x8         | LUT            | 
|AES         | sbox[0]    | 256x8         | LUT            | 
|AES         | sbox[0]    | 256x8         | LUT            | 
|AES         | sbox[0]    | 256x8         | LUT            | 
|AES         | sbox[0]    | 256x8         | LUT            | 
|AES         | sbox[0]    | 256x8         | LUT            | 
|AES         | sbox[0]    | 256x8         | LUT            | 
|AES         | sbox[0]    | 256x8         | LUT            | 
|AES         | sbox[0]    | 256x8         | LUT            | 
|AES         | sbox[0]    | 256x8         | LUT            | 
|AES         | sbox[0]    | 256x8         | LUT            | 
|AES         | sbox[0]    | 256x8         | LUT            | 
|AES         | sbox[0]    | 256x8         | LUT            | 
|AES         | sbox[0]    | 256x8         | LUT            | 
|AES         | sbox[0]    | 256x8         | LUT            | 
|AES         | sbox[0]    | 256x8         | LUT            | 
|AES         | sbox[0]    | 256x8         | LUT            | 
|AES         | sbox[0]    | 256x8         | LUT            | 
|AES         | sbox[0]    | 256x8         | LUT            | 
|AES         | sbox[0]    | 256x8         | LUT            | 
|AES         | sbox[0]    | 256x8         | LUT            | 
|AES         | sbox[0]    | 256x8         | LUT            | 
|AES         | sbox[0]    | 256x8         | LUT            | 
|AES         | sbox[0]    | 256x8         | LUT            | 
|AES         | sbox[0]    | 256x8         | LUT            | 
|AES         | sbox[0]    | 256x8         | LUT            | 
|AES         | sbox[0]    | 256x8         | LUT            | 
|AES         | sbox[0]    | 256x8         | LUT            | 
|AES         | sbox[0]    | 256x8         | LUT            | 
|AES         | sbox[0]    | 256x8         | LUT            | 
|AES         | sbox[0]    | 256x8         | LUT            | 
|AES         | sbox[0]    | 256x8         | LUT            | 
|AES         | sbox[0]    | 256x8         | LUT            | 
|AES         | sbox[0]    | 256x8         | LUT            | 
|AES         | sbox[0]    | 256x8         | LUT            | 
|AES         | sbox[0]    | 256x8         | LUT            | 
|AES         | sbox[0]    | 256x8         | LUT            | 
|AES         | sbox[0]    | 256x8         | LUT            | 
|AES         | sbox[0]    | 256x8         | LUT            | 
|AES         | sbox[0]    | 256x8         | LUT            | 
|AES         | sbox[0]    | 256x8         | LUT            | 
|AES         | sbox[0]    | 256x8         | LUT            | 
|AES         | sbox[0]    | 256x8         | LUT            | 
|AES         | sbox[0]    | 256x8         | LUT            | 
|AES         | sbox[0]    | 256x8         | LUT            | 
|AES         | sbox[0]    | 256x8         | LUT            | 
|AES         | sbox[0]    | 256x8         | LUT            | 
|AES         | sbox[0]    | 256x8         | LUT            | 
|AES         | sbox[0]    | 256x8         | LUT            | 
|AES         | sbox[0]    | 256x8         | LUT            | 
|AES         | sbox[0]    | 256x8         | LUT            | 
|AES         | sbox[0]    | 256x8         | LUT            | 
|AES         | sbox[0]    | 256x8         | LUT            | 
|AES         | sbox[0]    | 256x8         | LUT            | 
|AES         | sbox[0]    | 256x8         | LUT            | 
|AES         | sbox[0]    | 256x8         | LUT            | 
|AES         | sbox[0]    | 256x8         | LUT            | 
|AES         | sbox[0]    | 256x8         | LUT            | 
|AES         | sbox[0]    | 256x8         | LUT            | 
|AES         | sbox[0]    | 256x8         | LUT            | 
|AES         | sbox[0]    | 256x8         | LUT            | 
|AES         | sbox[0]    | 256x8         | LUT            | 
|AES         | sbox[0]    | 256x8         | LUT            | 
|AES         | sbox[0]    | 256x8         | LUT            | 
|AES         | sbox[0]    | 256x8         | LUT            | 
|AES         | sbox[0]    | 256x8         | LUT            | 
|AES         | sbox[0]    | 256x8         | LUT            | 
|AES         | sbox[0]    | 256x8         | LUT            | 
|AES         | sbox[0]    | 256x8         | LUT            | 
|AES         | sbox[0]    | 256x8         | LUT            | 
|AES         | sbox[0]    | 256x8         | LUT            | 
|AES         | sbox[0]    | 256x8         | LUT            | 
|AES         | sbox[0]    | 256x8         | LUT            | 
|AES         | sbox[0]    | 256x8         | LUT            | 
|AES         | sbox[0]    | 256x8         | LUT            | 
|AES         | sbox[0]    | 256x8         | LUT            | 
|AES         | sbox[0]    | 256x8         | LUT            | 
|AES         | sbox[0]    | 256x8         | LUT            | 
|AES         | sbox[0]    | 256x8         | LUT            | 
|AES         | sbox[0]    | 256x8         | LUT            | 
|AES         | sbox[0]    | 256x8         | LUT            | 
|AES         | sbox[0]    | 256x8         | LUT            | 
|AES         | sbox[0]    | 256x8         | LUT            | 
|AES         | sbox[0]    | 256x8         | LUT            | 
|AES         | sbox[0]    | 256x8         | LUT            | 
|AES         | sbox[0]    | 256x8         | LUT            | 
|AES         | sbox[0]    | 256x8         | LUT            | 
|AES         | sbox[0]    | 256x8         | LUT            | 
|AES         | sbox[0]    | 256x8         | LUT            | 
|AES         | sbox[0]    | 256x8         | LUT            | 
|AES         | sbox[0]    | 256x8         | LUT            | 
|AES         | sbox[0]    | 256x8         | LUT            | 
|AES         | sbox[0]    | 256x8         | LUT            | 
|AES         | sbox[0]    | 256x8         | LUT            | 
|AES         | sbox[0]    | 256x8         | LUT            | 
|AES         | sbox[0]    | 256x8         | LUT            | 
|AES         | sbox[0]    | 256x8         | LUT            | 
|AES         | sbox[0]    | 256x8         | LUT            | 
|AES         | sbox[0]    | 256x8         | LUT            | 
|AES         | sbox[0]    | 256x8         | LUT            | 
|AES         | sbox[0]    | 256x8         | LUT            | 
|AES         | sbox[0]    | 256x8         | LUT            | 
|AES         | sbox[0]    | 256x8         | LUT            | 
|AES         | sbox[0]    | 256x8         | LUT            | 
|AES         | sbox[0]    | 256x8         | LUT            | 
|AES         | sbox[0]    | 256x8         | LUT            | 
|AES         | sbox[0]    | 256x8         | LUT            | 
|AES         | sbox[0]    | 256x8         | LUT            | 
|AES         | sbox[0]    | 256x8         | LUT            | 
|AES         | sbox[0]    | 256x8         | LUT            | 
|AES         | sbox[0]    | 256x8         | LUT            | 
|AES         | sbox[0]    | 256x8         | LUT            | 
+------------+------------+---------------+----------------+

---------------------------------------------------------------------------------
Finished ROM, RAM, DSP, Shift Register and Retiming Reporting
---------------------------------------------------------------------------------
---------------------------------------------------------------------------------
Start Applying XDC Timing Constraints
---------------------------------------------------------------------------------
---------------------------------------------------------------------------------
Finished Applying XDC Timing Constraints : Time (s): cpu = 00:02:00 ; elapsed = 00:02:09 . Memory (MB): peak = 1942.430 ; gain = 1161.766
---------------------------------------------------------------------------------
---------------------------------------------------------------------------------
Start Timing Optimization
---------------------------------------------------------------------------------
---------------------------------------------------------------------------------
Finished Timing Optimization : Time (s): cpu = 00:02:01 ; elapsed = 00:02:11 . Memory (MB): peak = 1987.156 ; gain = 1206.492
---------------------------------------------------------------------------------
---------------------------------------------------------------------------------
Start Technology Mapping
---------------------------------------------------------------------------------
---------------------------------------------------------------------------------
Finished Technology Mapping : Time (s): cpu = 00:02:04 ; elapsed = 00:02:14 . Memory (MB): peak = 2106.574 ; gain = 1325.910
---------------------------------------------------------------------------------
---------------------------------------------------------------------------------
Start IO Insertion
---------------------------------------------------------------------------------
---------------------------------------------------------------------------------
Start Flattening Before IO Insertion
---------------------------------------------------------------------------------
---------------------------------------------------------------------------------
Finished Flattening Before IO Insertion
---------------------------------------------------------------------------------
---------------------------------------------------------------------------------
Start Final Netlist Cleanup
---------------------------------------------------------------------------------
---------------------------------------------------------------------------------
Finished Final Netlist Cleanup
---------------------------------------------------------------------------------
---------------------------------------------------------------------------------
Finished IO Insertion : Time (s): cpu = 00:02:06 ; elapsed = 00:02:16 . Memory (MB): peak = 2154.484 ; gain = 1373.820
---------------------------------------------------------------------------------
---------------------------------------------------------------------------------
Start Renaming Generated Instances
---------------------------------------------------------------------------------
---------------------------------------------------------------------------------
Finished Renaming Generated Instances : Time (s): cpu = 00:02:06 ; elapsed = 00:02:16 . Memory (MB): peak = 2154.484 ; gain = 1373.820
---------------------------------------------------------------------------------
---------------------------------------------------------------------------------
Start Rebuilding User Hierarchy
---------------------------------------------------------------------------------
---------------------------------------------------------------------------------
Finished Rebuilding User Hierarchy : Time (s): cpu = 00:02:07 ; elapsed = 00:02:17 . Memory (MB): peak = 2154.484 ; gain = 1373.820
---------------------------------------------------------------------------------
---------------------------------------------------------------------------------
Start Renaming Generated Ports
---------------------------------------------------------------------------------
---------------------------------------------------------------------------------
Finished Renaming Generated Ports : Time (s): cpu = 00:02:07 ; elapsed = 00:02:17 . Memory (MB): peak = 2154.484 ; gain = 1373.820
---------------------------------------------------------------------------------
---------------------------------------------------------------------------------
Start Handling Custom Attributes
---------------------------------------------------------------------------------
---------------------------------------------------------------------------------
Finished Handling Custom Attributes : Time (s): cpu = 00:02:07 ; elapsed = 00:02:17 . Memory (MB): peak = 2154.484 ; gain = 1373.820
---------------------------------------------------------------------------------
---------------------------------------------------------------------------------
Start Renaming Generated Nets
---------------------------------------------------------------------------------
---------------------------------------------------------------------------------
Finished Renaming Generated Nets : Time (s): cpu = 00:02:07 ; elapsed = 00:02:17 . Memory (MB): peak = 2154.484 ; gain = 1373.820
---------------------------------------------------------------------------------
---------------------------------------------------------------------------------
Start Writing Synthesis Report
---------------------------------------------------------------------------------

Report BlackBoxes: 
+-+--------------+----------+
| |BlackBox name |Instances |
+-+--------------+----------+
+-+--------------+----------+

Report Cell Usage: 
+------+------+------+
|      |Cell  |Count |
+------+------+------+
|1     |BUFG  |     1|
|2     |LUT1  |     7|
|3     |LUT2  |  2236|
|4     |LUT3  |   543|
|5     |LUT4  |   865|
|6     |LUT5  |  1045|
|7     |LUT6  | 10012|
|8     |MUXF7 |  4385|
|9     |MUXF8 |  1988|
|10    |FDRE  |  4326|
|11    |FDSE  |    60|
|12    |IBUF  |     2|
+------+------+------+
---------------------------------------------------------------------------------
Finished Writing Synthesis Report : Time (s): cpu = 00:02:07 ; elapsed = 00:02:17 . Memory (MB): peak = 2154.484 ; gain = 1373.820
---------------------------------------------------------------------------------
Synthesis finished with 0 errors, 0 critical warnings and 0 warnings.
Synthesis Optimization Runtime : Time (s): cpu = 00:01:58 ; elapsed = 00:02:15 . Memory (MB): peak = 2154.484 ; gain = 1274.941
Synthesis Optimization Complete : Time (s): cpu = 00:02:07 ; elapsed = 00:02:17 . Memory (MB): peak = 2154.484 ; gain = 1373.820
INFO: [Project 1-571] Translating synthesized netlist
Netlist sorting complete. Time (s): cpu = 00:00:00 ; elapsed = 00:00:00.091 . Memory (MB): peak = 2168.633 ; gain = 0.000
INFO: [Netlist 29-17] Analyzing 6373 Unisim elements for replacement
INFO: [Netlist 29-28] Unisim Transformation completed in 0 CPU seconds
WARNING: [Netlist 29-101] Netlist 'AES_testbench' is not ideal for floorplanning, since the cellview 'AES' contains a large number of primitives.  Please consider enabling hierarchy in synthesis if you want to do floorplanning.
INFO: [Project 1-570] Preparing netlist for logic optimization
INFO: [Opt 31-138] Pushed 0 inverter(s) to 0 load pin(s).
Netlist sorting complete. Time (s): cpu = 00:00:00 ; elapsed = 00:00:00.002 . Memory (MB): peak = 2177.930 ; gain = 0.000
INFO: [Project 1-111] Unisim Transformation Summary:
No Unisim elements were transformed.

Synth Design complete | Checksum: 1b82cf01
INFO: [Common 17-83] Releasing license: Synthesis
25 Infos, 1 Warnings, 0 Critical Warnings and 0 Errors encountered.
synth_design completed successfully
synth_design: Time (s): cpu = 00:02:12 ; elapsed = 00:02:24 . Memory (MB): peak = 2177.930 ; gain = 1630.418
Write ShapeDB Complete: Time (s): cpu = 00:00:00 ; elapsed = 00:00:00.026 . Memory (MB): peak = 2177.930 ; gain = 0.000
INFO: [Common 17-1381] The checkpoint 'C:/Users/j48s677/Desktop/AES/arch1/vivado_proj/AES_full_pipeline/AES_full_pipeline.runs/synth_1/AES_testbench.dcp' has been generated.
INFO: [Vivado 12-24828] Executing command : report_utilization -file AES_testbench_utilization_synth.rpt -pb AES_testbench_utilization_synth.pb
INFO: [Common 17-206] Exiting Vivado at Thu Oct  1 19:43:29 2026...
